// Jest Snapshot v1, https://goo.gl/fbAQLP

exports[`Home should render correctly 1`] = `
<RNCSafeAreaProvider
  onInsetsChange={[Function]}
  style={
    [
      {
        "flex": 1,
      },
      undefined,
    ]
  }
>
  <View
    collapsable={false}
    pointerEvents="box-none"
    style={
      {
        "flex": 1,
      }
    }
  >
    <RCTSafeAreaView
      style={
        {
          "backgroundColor": "#F3F3F3",
        }
      }
    >
      <View
        accessibilityRole="progressbar"
        accessibilityState={
          {
            "busy": true,
          }
        }
        accessible={true}
        style={
          [
            {
              "alignItems": "center",
              "justifyContent": "center",
            },
            undefined,
          ]
        }
      >
        <View
          collapsable={false}
          style={
            {
              "height": 24,
              "opacity": 1,
              "width": 24,
            }
          }
        >
          <View
            collapsable={false}
            style={
              {
                "alignItems": "center",
                "bottom": 0,
                "justifyContent": "center",
                "left": 0,
                "position": "absolute",
                "right": 0,
                "top": 0,
              }
            }
          >
            <View
              collapsable={false}
              style={
                {
                  "height": 24,
                  "transform": [
                    {
                      "rotate": "45deg",
                    },
                  ],
                  "width": 24,
                }
              }
            >
              <View
                collapsable={false}
                style={
                  {
                    "height": 12,
                    "overflow": "hidden",
                    "width": 24,
                  }
                }
              >
                <View
                  collapsable={false}
                  style={
                    {
                      "height": 24,
                      "transform": [
                        {
                          "translateY": 0,
                        },
                        {
                          "rotate": "-165deg",
                        },
                      ],
                      "width": 24,
                    }
                  }
                >
                  <View
                    collapsable={false}
                    style={
                      {
                        "height": 12,
                        "overflow": "hidden",
                        "width": 24,
                      }
                    }
                  >
                    <View
                      collapsable={false}
                      style={
                        {
                          "borderColor": "#c62828",
                          "borderRadius": 12,
                          "borderWidth": 2.4,
                          "height": 24,
                          "width": 24,
                        }
                      }
                    />
                  </View>
                </View>
              </View>
            </View>
          </View>
          <View
            collapsable={false}
            style={
              {
                "alignItems": "center",
                "bottom": 0,
                "justifyContent": "center",
                "left": 0,
                "position": "absolute",
                "right": 0,
                "top": 0,
              }
            }
          >
            <View
              collapsable={false}
              style={
                {
                  "height": 24,
                  "transform": [
                    {
                      "rotate": "45deg",
                    },
                  ],
                  "width": 24,
                }
              }
            >
              <View
                collapsable={false}
                style={
                  {
                    "height": 12,
                    "overflow": "hidden",
                    "top": 12,
                    "width": 24,
                  }
                }
              >
                <View
                  collapsable={false}
                  style={
                    {
                      "height": 24,
                      "transform": [
                        {
                          "translateY": -12,
                        },
                        {
                          "rotate": "345deg",
                        },
                      ],
                      "width": 24,
                    }
                  }
                >
                  <View
                    collapsable={false}
                    style={
                      {
                        "height": 12,
                        "overflow": "hidden",
                        "width": 24,
                      }
                    }
                  >
                    <View
                      collapsable={false}
                      style={
                        {
                          "borderColor": "#c62828",
                          "borderRadius": 12,
                          "borderWidth": 2.4,
                          "height": 24,
                          "width": 24,
                        }
                      }
                    />
                  </View>
                </View>
              </View>
            </View>
          </View>
        </View>
      </View>
      <Text>
        app.name
      </Text>
      <View
        collapsable={false}
        style={
          {
            "backgroundColor": "rgba(103, 80, 164, 1)",
            "borderRadius": 20,
            "shadowColor": "#000",
            "shadowOffset": {
              "height": 0,
              "width": 0,
            },
            "shadowOpacity": 0,
            "shadowRadius": 0,
          }
        }
        testID="button-container-outer-layer"
      >
        <View
          collapsable={false}
          style={
            {
              "backgroundColor": "rgba(103, 80, 164, 1)",
              "borderColor": "transparent",
              "borderRadius": 20,
              "borderStyle": "solid",
              "borderWidth": 0,
              "flex": undefined,
              "minWidth": 64,
              "shadowColor": "#000",
              "shadowOffset": {
                "height": 0,
                "width": 0,
              },
              "shadowOpacity": 0,
              "shadowRadius": 0,
            }
          }
          testID="button-container"
        >
          <View
            accessibilityRole="button"
            accessibilityState={
              {
                "busy": undefined,
                "checked": undefined,
                "disabled": false,
                "expanded": undefined,
                "selected": undefined,
              }
            }
            accessibilityValue={
              {
                "max": undefined,
                "min": undefined,
                "now": undefined,
                "text": undefined,
              }
            }
            accessible={true}
            collapsable={false}
            focusable={true}
            onBlur={[Function]}
            onClick={[Function]}
            onFocus={[Function]}
            onResponderGrant={[Function]}
            onResponderMove={[Function]}
            onResponderRelease={[Function]}
            onResponderTerminate={[Function]}
            onResponderTerminationRequest={[Function]}
            onStartShouldSetResponder={[Function]}
            style={
              [
                {
                  "overflow": "hidden",
                },
                {
                  "borderRadius": 20,
                },
              ]
            }
            testID="button"
          >
            <View
              style={
                [
                  {
                    "alignItems": "center",
                    "flexDirection": "row",
                    "justifyContent": "center",
                  },
                  undefined,
                ]
              }
            >
              <View
                style={
                  [
                    {
                      "marginLeft": 12,
                      "marginRight": -4,
                    },
                    {
                      "marginLeft": 16,
                      "marginRight": -16,
                    },
                    false,
                  ]
                }
                testID="button-icon-container"
              >
                <Text
                  accessibilityElementsHidden={true}
                  allowFontScaling={false}
                  importantForAccessibility="no-hide-descendants"
                  pointerEvents="none"
                  selectable={false}
                  style={
                    [
                      {
                        "color": "rgba(255, 255, 255, 1)",
                        "fontSize": 18,
                      },
                      [
                        {
                          "lineHeight": 18,
                          "transform": [
                            {
                              "scaleX": 1,
                            },
                          ],
                        },
                        {
                          "backgroundColor": "transparent",
                        },
                      ],
                      {
                        "fontFamily": "Material Design Icons",
                        "fontStyle": "normal",
                        "fontWeight": "normal",
                      },
                      {},
                    ]
                  }
                >
                  ó°„€
                </Text>
              </View>
              <Text
                numberOfLines={1}
                selectable={false}
                style={
                  [
                    {
                      "textAlign": "left",
                    },
                    {
                      "color": "rgba(28, 27, 31, 1)",
                      "writingDirection": "ltr",
                    },
                    [
                      {
                        "fontFamily": "System",
                        "fontSize": 14,
                        "fontWeight": "500",
                        "letterSpacing": 0.1,
                        "lineHeight": 20,
                      },
                      [
                        {
                          "marginHorizontal": 16,
                          "marginVertical": 9,
                          "textAlign": "center",
                        },
                        false,
                        {
                          "marginHorizontal": 24,
                          "marginVertical": 10,
                        },
                        undefined,
                        false,
                        {
                          "color": "rgba(255, 255, 255, 1)",
                          "fontFamily": "System",
                          "fontSize": 14,
                          "fontWeight": "500",
                          "letterSpacing": 0.1,
                          "lineHeight": 20,
                        },
                        undefined,
                      ],
                    ],
                  ]
                }
                testID="button-text"
              >
                Press me
              </Text>
            </View>
          </View>
        </View>
      </View>
      <Text
        accessibilityElementsHidden={true}
        allowFontScaling={false}
        importantForAccessibility="no-hide-descendants"
        pointerEvents="none"
        selectable={false}
        style={
          [
            {
              "color": "rgba(220, 54, 46, 1)",
              "fontSize": 20,
            },
            [
              {
                "lineHeight": 20,
                "transform": [
                  {
                    "scaleX": 1,
                  },
                ],
              },
              {
                "backgroundColor": "transparent",
              },
            ],
            {
              "fontFamily": "Material Design Icons",
              "fontStyle": "normal",
              "fontWeight": "normal",
            },
            {},
          ]
        }
      >
        ó°„€
      </Text>
    </RCTSafeAreaView>
  </View>
</RNCSafeAreaProvider>
`;
