// Jest Snapshot v1, https://goo.gl/fbAQLP

exports[`CustomCalendar should render 1`] = `
<div>
  <div>
    Calendar
  </div>
</div>
`;
