// Jest Snapshot v1, https://goo.gl/fbAQLP

exports[`DishCard should render correctly 1`] = `
<View
  collapsable={false}
  style={
    {
      "backgroundColor": "#f2f2f2",
      "borderRadius": 12,
      "shadowColor": "#000",
      "shadowOffset": {
        "height": 1,
        "width": 0,
      },
      "shadowOpacity": 0.15,
      "shadowRadius": 3,
    }
  }
  testID="card-container-outer-layer"
>
  <View
    collapsable={false}
    style={
      {
        "backgroundColor": "#f2f2f2",
        "borderRadius": 12,
        "elevation": 1,
        "flex": undefined,
        "paddingBottom": 10,
        "shadowColor": "#000",
        "shadowOffset": {
          "height": 1,
          "width": 0,
        },
        "shadowOpacity": 0.3,
        "shadowRadius": 1,
      }
    }
    testID="card-container"
  >
    <View
      style={
        [
          {
            "flexShrink": 1,
          },
          undefined,
        ]
      }
      testID="card"
    >
      <View
        borderRadiusStyles={{}}
        style={
          [
            {
              "paddingHorizontal": 16,
            },
            {
              "paddingVertical": 16,
            },
            undefined,
          ]
        }
      >
        <Text
          style={
            [
              {
                "textAlign": "left",
              },
              {
                "color": "rgba(28, 27, 31, 1)",
                "writingDirection": "ltr",
              },
              [
                {
                  "fontFamily": "System",
                  "fontSize": 14,
                  "fontWeight": "500",
                  "letterSpacing": 0.1,
                  "lineHeight": 20,
                },
                {
                  "marginBottom": 10,
                  "opacity": 0.5,
                },
              ],
            ]
          }
        >
          nutritionalPlan.weekday.monday
        </Text>
        <Text
          style={
            [
              {
                "textAlign": "left",
              },
              {
                "color": "rgba(28, 27, 31, 1)",
                "writingDirection": "ltr",
              },
              [
                {
                  "fontFamily": "System",
                  "fontSize": 22,
                  "fontWeight": "400",
                  "letterSpacing": 0,
                  "lineHeight": 28,
                },
                {
                  "fontWeight": "bold",
                },
              ],
            ]
          }
        >
          title
        </Text>
        <View
          style={
            {
              "flexDirection": "row",
              "flexWrap": "wrap",
              "gap": 10,
              "marginTop": 10,
            }
          }
        >
          <View
            collapsable={false}
            style={
              {
                "backgroundColor": "transparent",
                "borderRadius": 8,
                "shadowColor": "#000",
                "shadowOffset": {
                  "height": 0,
                  "width": 0,
                },
                "shadowOpacity": 0,
                "shadowRadius": 0,
              }
            }
            testID="chip-container-outer-layer"
          >
            <View
              collapsable={false}
              style={
                {
                  "backgroundColor": "transparent",
                  "borderColor": "rgba(73, 69, 79, 0.12)",
                  "borderRadius": 8,
                  "borderStyle": "solid",
                  "borderWidth": 1,
                  "flex": undefined,
                  "flexDirection": "column",
                  "shadowColor": "#000",
                  "shadowOffset": {
                    "height": 0,
                    "width": 0,
                  },
                  "shadowOpacity": 0,
                  "shadowRadius": 0,
                }
              }
              testID="chip-container"
            >
              <View
                accessibilityRole="button"
                accessibilityState={
                  {
                    "busy": undefined,
                    "checked": undefined,
                    "disabled": true,
                    "expanded": undefined,
                    "selected": false,
                  }
                }
                accessibilityValue={
                  {
                    "max": undefined,
                    "min": undefined,
                    "now": undefined,
                    "text": undefined,
                  }
                }
                accessible={true}
                collapsable={false}
                focusable={true}
                onBlur={[Function]}
                onClick={[Function]}
                onFocus={[Function]}
                onResponderGrant={[Function]}
                onResponderMove={[Function]}
                onResponderRelease={[Function]}
                onResponderTerminate={[Function]}
                onResponderTerminationRequest={[Function]}
                onStartShouldSetResponder={[Function]}
                style={
                  [
                    {
                      "overflow": "hidden",
                    },
                    [
                      {
                        "borderRadius": 8,
                      },
                      {
                        "width": "100%",
                      },
                    ],
                  ]
                }
                testID="chip"
              >
                <View
                  style={
                    [
                      {
                        "alignItems": "center",
                        "flexDirection": "row",
                        "paddingLeft": 4,
                        "position": "relative",
                      },
                      {
                        "paddingLeft": 0,
                      },
                      {
                        "paddingRight": 0,
                      },
                    ]
                  }
                >
                  <Text
                    numberOfLines={1}
                    selectable={false}
                    style={
                      [
                        {
                          "textAlign": "left",
                        },
                        {
                          "color": "rgba(28, 27, 31, 1)",
                          "writingDirection": "ltr",
                        },
                        [
                          {
                            "fontFamily": "System",
                            "fontSize": 14,
                            "fontWeight": "500",
                            "letterSpacing": 0.1,
                            "lineHeight": 20,
                          },
                          [
                            {
                              "marginVertical": 6,
                              "textAlignVertical": "center",
                            },
                            {
                              "color": "rgba(28, 27, 31, 0.38)",
                              "fontFamily": "System",
                              "fontSize": 14,
                              "fontWeight": "500",
                              "letterSpacing": 0.1,
                              "lineHeight": 20,
                            },
                            {
                              "marginLeft": 12,
                              "marginRight": 12,
                            },
                            undefined,
                          ],
                        ],
                      ]
                    }
                  >
                    100
                     
                    nutritionalPlan.macros.calories
                  </Text>
                </View>
              </View>
            </View>
          </View>
          <View
            collapsable={false}
            style={
              {
                "backgroundColor": "transparent",
                "borderRadius": 8,
                "shadowColor": "#000",
                "shadowOffset": {
                  "height": 0,
                  "width": 0,
                },
                "shadowOpacity": 0,
                "shadowRadius": 0,
              }
            }
            testID="chip-container-outer-layer"
          >
            <View
              collapsable={false}
              style={
                {
                  "backgroundColor": "transparent",
                  "borderColor": "rgba(73, 69, 79, 0.12)",
                  "borderRadius": 8,
                  "borderStyle": "solid",
                  "borderWidth": 1,
                  "flex": undefined,
                  "flexDirection": "column",
                  "shadowColor": "#000",
                  "shadowOffset": {
                    "height": 0,
                    "width": 0,
                  },
                  "shadowOpacity": 0,
                  "shadowRadius": 0,
                }
              }
              testID="chip-container"
            >
              <View
                accessibilityRole="button"
                accessibilityState={
                  {
                    "busy": undefined,
                    "checked": undefined,
                    "disabled": true,
                    "expanded": undefined,
                    "selected": false,
                  }
                }
                accessibilityValue={
                  {
                    "max": undefined,
                    "min": undefined,
                    "now": undefined,
                    "text": undefined,
                  }
                }
                accessible={true}
                collapsable={false}
                focusable={true}
                onBlur={[Function]}
                onClick={[Function]}
                onFocus={[Function]}
                onResponderGrant={[Function]}
                onResponderMove={[Function]}
                onResponderRelease={[Function]}
                onResponderTerminate={[Function]}
                onResponderTerminationRequest={[Function]}
                onStartShouldSetResponder={[Function]}
                style={
                  [
                    {
                      "overflow": "hidden",
                    },
                    [
                      {
                        "borderRadius": 8,
                      },
                      {
                        "width": "100%",
                      },
                    ],
                  ]
                }
                testID="chip"
              >
                <View
                  style={
                    [
                      {
                        "alignItems": "center",
                        "flexDirection": "row",
                        "paddingLeft": 4,
                        "position": "relative",
                      },
                      {
                        "paddingLeft": 0,
                      },
                      {
                        "paddingRight": 0,
                      },
                    ]
                  }
                >
                  <Text
                    numberOfLines={1}
                    selectable={false}
                    style={
                      [
                        {
                          "textAlign": "left",
                        },
                        {
                          "color": "rgba(28, 27, 31, 1)",
                          "writingDirection": "ltr",
                        },
                        [
                          {
                            "fontFamily": "System",
                            "fontSize": 14,
                            "fontWeight": "500",
                            "letterSpacing": 0.1,
                            "lineHeight": 20,
                          },
                          [
                            {
                              "marginVertical": 6,
                              "textAlignVertical": "center",
                            },
                            {
                              "color": "rgba(28, 27, 31, 0.38)",
                              "fontFamily": "System",
                              "fontSize": 14,
                              "fontWeight": "500",
                              "letterSpacing": 0.1,
                              "lineHeight": 20,
                            },
                            {
                              "marginLeft": 12,
                              "marginRight": 12,
                            },
                            undefined,
                          ],
                        ],
                      ]
                    }
                  >
                    100
                    g 
                    nutritionalPlan.macros.of_carbs
                  </Text>
                </View>
              </View>
            </View>
          </View>
          <View
            collapsable={false}
            style={
              {
                "backgroundColor": "transparent",
                "borderRadius": 8,
                "shadowColor": "#000",
                "shadowOffset": {
                  "height": 0,
                  "width": 0,
                },
                "shadowOpacity": 0,
                "shadowRadius": 0,
              }
            }
            testID="chip-container-outer-layer"
          >
            <View
              collapsable={false}
              style={
                {
                  "backgroundColor": "transparent",
                  "borderColor": "rgba(73, 69, 79, 0.12)",
                  "borderRadius": 8,
                  "borderStyle": "solid",
                  "borderWidth": 1,
                  "flex": undefined,
                  "flexDirection": "column",
                  "shadowColor": "#000",
                  "shadowOffset": {
                    "height": 0,
                    "width": 0,
                  },
                  "shadowOpacity": 0,
                  "shadowRadius": 0,
                }
              }
              testID="chip-container"
            >
              <View
                accessibilityRole="button"
                accessibilityState={
                  {
                    "busy": undefined,
                    "checked": undefined,
                    "disabled": true,
                    "expanded": undefined,
                    "selected": false,
                  }
                }
                accessibilityValue={
                  {
                    "max": undefined,
                    "min": undefined,
                    "now": undefined,
                    "text": undefined,
                  }
                }
                accessible={true}
                collapsable={false}
                focusable={true}
                onBlur={[Function]}
                onClick={[Function]}
                onFocus={[Function]}
                onResponderGrant={[Function]}
                onResponderMove={[Function]}
                onResponderRelease={[Function]}
                onResponderTerminate={[Function]}
                onResponderTerminationRequest={[Function]}
                onStartShouldSetResponder={[Function]}
                style={
                  [
                    {
                      "overflow": "hidden",
                    },
                    [
                      {
                        "borderRadius": 8,
                      },
                      {
                        "width": "100%",
                      },
                    ],
                  ]
                }
                testID="chip"
              >
                <View
                  style={
                    [
                      {
                        "alignItems": "center",
                        "flexDirection": "row",
                        "paddingLeft": 4,
                        "position": "relative",
                      },
                      {
                        "paddingLeft": 0,
                      },
                      {
                        "paddingRight": 0,
                      },
                    ]
                  }
                >
                  <Text
                    numberOfLines={1}
                    selectable={false}
                    style={
                      [
                        {
                          "textAlign": "left",
                        },
                        {
                          "color": "rgba(28, 27, 31, 1)",
                          "writingDirection": "ltr",
                        },
                        [
                          {
                            "fontFamily": "System",
                            "fontSize": 14,
                            "fontWeight": "500",
                            "letterSpacing": 0.1,
                            "lineHeight": 20,
                          },
                          [
                            {
                              "marginVertical": 6,
                              "textAlignVertical": "center",
                            },
                            {
                              "color": "rgba(28, 27, 31, 0.38)",
                              "fontFamily": "System",
                              "fontSize": 14,
                              "fontWeight": "500",
                              "letterSpacing": 0.1,
                              "lineHeight": 20,
                            },
                            {
                              "marginLeft": 12,
                              "marginRight": 12,
                            },
                            undefined,
                          ],
                        ],
                      ]
                    }
                  >
                    100
                    g 
                    nutritionalPlan.macros.of_proteins
                  </Text>
                </View>
              </View>
            </View>
          </View>
          <View
            collapsable={false}
            style={
              {
                "backgroundColor": "transparent",
                "borderRadius": 8,
                "shadowColor": "#000",
                "shadowOffset": {
                  "height": 0,
                  "width": 0,
                },
                "shadowOpacity": 0,
                "shadowRadius": 0,
              }
            }
            testID="chip-container-outer-layer"
          >
            <View
              collapsable={false}
              style={
                {
                  "backgroundColor": "transparent",
                  "borderColor": "rgba(73, 69, 79, 0.12)",
                  "borderRadius": 8,
                  "borderStyle": "solid",
                  "borderWidth": 1,
                  "flex": undefined,
                  "flexDirection": "column",
                  "shadowColor": "#000",
                  "shadowOffset": {
                    "height": 0,
                    "width": 0,
                  },
                  "shadowOpacity": 0,
                  "shadowRadius": 0,
                }
              }
              testID="chip-container"
            >
              <View
                accessibilityRole="button"
                accessibilityState={
                  {
                    "busy": undefined,
                    "checked": undefined,
                    "disabled": true,
                    "expanded": undefined,
                    "selected": false,
                  }
                }
                accessibilityValue={
                  {
                    "max": undefined,
                    "min": undefined,
                    "now": undefined,
                    "text": undefined,
                  }
                }
                accessible={true}
                collapsable={false}
                focusable={true}
                onBlur={[Function]}
                onClick={[Function]}
                onFocus={[Function]}
                onResponderGrant={[Function]}
                onResponderMove={[Function]}
                onResponderRelease={[Function]}
                onResponderTerminate={[Function]}
                onResponderTerminationRequest={[Function]}
                onStartShouldSetResponder={[Function]}
                style={
                  [
                    {
                      "overflow": "hidden",
                    },
                    [
                      {
                        "borderRadius": 8,
                      },
                      {
                        "width": "100%",
                      },
                    ],
                  ]
                }
                testID="chip"
              >
                <View
                  style={
                    [
                      {
                        "alignItems": "center",
                        "flexDirection": "row",
                        "paddingLeft": 4,
                        "position": "relative",
                      },
                      {
                        "paddingLeft": 0,
                      },
                      {
                        "paddingRight": 0,
                      },
                    ]
                  }
                >
                  <Text
                    numberOfLines={1}
                    selectable={false}
                    style={
                      [
                        {
                          "textAlign": "left",
                        },
                        {
                          "color": "rgba(28, 27, 31, 1)",
                          "writingDirection": "ltr",
                        },
                        [
                          {
                            "fontFamily": "System",
                            "fontSize": 14,
                            "fontWeight": "500",
                            "letterSpacing": 0.1,
                            "lineHeight": 20,
                          },
                          [
                            {
                              "marginVertical": 6,
                              "textAlignVertical": "center",
                            },
                            {
                              "color": "rgba(28, 27, 31, 0.38)",
                              "fontFamily": "System",
                              "fontSize": 14,
                              "fontWeight": "500",
                              "letterSpacing": 0.1,
                              "lineHeight": 20,
                            },
                            {
                              "marginLeft": 12,
                              "marginRight": 12,
                            },
                            undefined,
                          ],
                        ],
                      ]
                    }
                  >
                    100
                    g 
                    nutritionalPlan.macros.of_fats
                  </Text>
                </View>
              </View>
            </View>
          </View>
        </View>
        <View
          collapsable={false}
          style={
            {
              "backgroundColor": "rgba(234, 221, 255, 1)",
              "borderRadius": 50,
              "position": "absolute",
              "right": 10,
              "shadowColor": "#000",
              "shadowOffset": {
                "height": 0,
                "width": 0,
              },
              "shadowOpacity": 0,
              "shadowRadius": 0,
              "top": 10,
            }
          }
          testID="chip-container-outer-layer"
        >
          <View
            collapsable={false}
            style={
              {
                "backgroundColor": "rgba(234, 221, 255, 1)",
                "borderColor": "rgba(103, 80, 164, 1)",
                "borderRadius": 50,
                "borderStyle": "solid",
                "borderWidth": 1,
                "flex": undefined,
                "flexDirection": "column",
                "shadowColor": "#000",
                "shadowOffset": {
                  "height": 0,
                  "width": 0,
                },
                "shadowOpacity": 0,
                "shadowRadius": 0,
              }
            }
            testID="chip-container"
          >
            <View
              accessibilityRole="button"
              accessibilityState={
                {
                  "busy": undefined,
                  "checked": undefined,
                  "disabled": true,
                  "expanded": undefined,
                  "selected": false,
                }
              }
              accessibilityValue={
                {
                  "max": undefined,
                  "min": undefined,
                  "now": undefined,
                  "text": undefined,
                }
              }
              accessible={true}
              collapsable={false}
              focusable={true}
              onBlur={[Function]}
              onClick={[Function]}
              onFocus={[Function]}
              onResponderGrant={[Function]}
              onResponderMove={[Function]}
              onResponderRelease={[Function]}
              onResponderTerminate={[Function]}
              onResponderTerminationRequest={[Function]}
              onStartShouldSetResponder={[Function]}
              style={
                [
                  {
                    "overflow": "hidden",
                  },
                  [
                    {
                      "borderRadius": 50,
                    },
                    {
                      "width": "100%",
                    },
                  ],
                ]
              }
              testID="chip"
            >
              <View
                style={
                  [
                    {
                      "alignItems": "center",
                      "flexDirection": "row",
                      "paddingLeft": 4,
                      "position": "relative",
                    },
                    {
                      "paddingLeft": 0,
                    },
                    {
                      "paddingRight": 0,
                    },
                  ]
                }
              >
                <Text
                  numberOfLines={1}
                  selectable={false}
                  style={
                    [
                      {
                        "textAlign": "left",
                      },
                      {
                        "color": "rgba(28, 27, 31, 1)",
                        "writingDirection": "ltr",
                      },
                      [
                        {
                          "fontFamily": "System",
                          "fontSize": 14,
                          "fontWeight": "500",
                          "letterSpacing": 0.1,
                          "lineHeight": 20,
                        },
                        [
                          {
                            "marginVertical": 6,
                            "textAlignVertical": "center",
                          },
                          {
                            "color": "rgba(29, 25, 43, 1)",
                            "fontFamily": "System",
                            "fontSize": 14,
                            "fontWeight": "500",
                            "letterSpacing": 0.1,
                            "lineHeight": 20,
                          },
                          {
                            "marginLeft": 12,
                            "marginRight": 12,
                          },
                          {
                            "color": "rgba(103, 80, 164, 1)",
                          },
                        ],
                      ],
                    ]
                  }
                >
                  nutritionalPlan.dishType.category
                </Text>
              </View>
            </View>
          </View>
        </View>
      </View>
    </View>
  </View>
</View>
`;
