// Jest Snapshot v1, https://goo.gl/fbAQLP

exports[`Header should render correctly 1`] = `
<View>
  <View
    style={
      {
        "alignItems": "center",
        "backgroundColor": "#f2f2f2",
        "flex": 1,
        "flexDirection": "row",
        "gap": 5,
        "justifyContent": "flex-start",
        "marginTop": 45,
      }
    }
    testID="header"
  >
    <Text
      ellipsizeMode="tail"
      numberOfLines={1}
      style={
        [
          {
            "textAlign": "left",
          },
          {
            "color": "rgba(28, 27, 31, 1)",
            "writingDirection": "ltr",
          },
          [
            {
              "fontFamily": "System",
              "fontSize": 36,
              "fontWeight": "400",
              "letterSpacing": 0,
              "lineHeight": 44,
            },
            {
              "flex": 1,
              "fontSize": 34,
              "fontWeight": "normal",
              "height": 50,
              "maxWidth": "70%",
            },
          ],
        ]
      }
      testID="title"
    />
  </View>
</View>
`;
