// Jest Snapshot v1, https://goo.gl/fbAQLP

exports[`Kpi should render correctly 1`] = `
<View
  label="label"
  max={2}
  style={
    {
      "alignItems": "center",
      "justifyContent": "center",
    }
  }
  type="progress"
  value={1}
>
  <View
    style={
      {
        "height": 200,
        "padding": 0,
        "width": 200,
      }
    }
  >
    <RNSVGSvgView
      bbHeight={200}
      bbWidth={200}
      focusable={false}
      height={200}
      style={
        [
          {
            "backgroundColor": "transparent",
            "borderWidth": 0,
          },
          {
            "flex": 0,
            "height": 200,
            "width": 200,
          },
        ]
      }
      width={200}
    >
      <RNSVGGroup
        fill={
          {
            "payload": 4278190080,
            "type": 0,
          }
        }
      >
        <RNSVGDefs>
          <RNSVGLinearGradient
            gradient={
              [
                0,
                0,
                1,
                0,
              ]
            }
            gradientTransform={null}
            gradientUnits={1}
            name="backgroundGradient"
            x1={0}
            x2={200}
            y1={200}
            y2={0}
          />
          <RNSVGLinearGradient
            gradient={
              [
                0,
                442978468,
                1,
                442978468,
              ]
            }
            gradientTransform={null}
            gradientUnits={1}
            name="fillShadowGradientFrom"
            x1={0}
            x2={0}
            y1={0}
            y2={200}
          />
        </RNSVGDefs>
        <RNSVGRect
          fill={
            {
              "brushRef": "backgroundGradient",
              "type": 1,
            }
          }
          height={200}
          propList={
            [
              "fill",
            ]
          }
          rx={0}
          ry={0}
          width="100%"
          x={0}
          y={0}
        />
        <RNSVGGroup
          fill={
            {
              "payload": 4278190080,
              "type": 0,
            }
          }
          matrix={
            [
              1,
              0,
              -0,
              1,
              100,
              100,
            ]
          }
        >
          <RNSVGGroup
            fill={
              {
                "payload": 4278190080,
                "type": 0,
              }
            }
          >
            <RNSVGPath
              d="M 0 -75 A 75 75 0 1 1 -0.471236 -74.99852 L -0.471236 -74.99852 A 75 75 0 1 0 0 -75 Z "
              fill={
                {
                  "payload": 4278190080,
                  "type": 0,
                }
              }
              propList={
                [
                  "stroke",
                  "strokeWidth",
                ]
              }
              stroke={
                {
                  "payload": 862408868,
                  "type": 0,
                }
              }
              strokeWidth={16}
            />
          </RNSVGGroup>
          <RNSVGGroup
            fill={
              {
                "payload": 4278190080,
                "type": 0,
              }
            }
          >
            <RNSVGPath
              d="M 0 -75 A 75 75 0 0 1 0 75 L 0 75 A 75 75 0 0 0 0 -75 Z "
              fill={
                {
                  "payload": 4278190080,
                  "type": 0,
                }
              }
              propList={
                [
                  "stroke",
                  "strokeWidth",
                  "strokeLinecap",
                  "strokeLinejoin",
                ]
              }
              stroke={
                {
                  "payload": 2154254500,
                  "type": 0,
                }
              }
              strokeLinecap={1}
              strokeLinejoin={1}
              strokeWidth={16}
            />
          </RNSVGGroup>
        </RNSVGGroup>
      </RNSVGGroup>
    </RNSVGSvgView>
  </View>
  <View
    style={
      {
        "alignItems": "center",
        "position": "absolute",
      }
    }
  >
    <Text
      style={
        [
          {
            "textAlign": "left",
          },
          {
            "color": "rgba(28, 27, 31, 1)",
            "writingDirection": "ltr",
          },
          [
            {
              "fontFamily": "System",
              "fontSize": 16,
              "fontWeight": "500",
              "letterSpacing": 0.15,
              "lineHeight": 24,
            },
            undefined,
          ],
        ]
      }
    >
      1
       
    </Text>
    <Text
      style={
        [
          {
            "textAlign": "left",
          },
          {
            "color": "rgba(28, 27, 31, 1)",
            "writingDirection": "ltr",
          },
          [
            {
              "fontFamily": "System",
              "fontSize": 24,
              "fontWeight": "400",
              "letterSpacing": 0,
              "lineHeight": 32,
            },
            undefined,
          ],
        ]
      }
    >
      label
    </Text>
  </View>
</View>
`;
