// Jest Snapshot v1, https://goo.gl/fbAQLP

exports[`ListItem should render correctly 1`] = `
<View
  accessibilityState={
    {
      "busy": undefined,
      "checked": undefined,
      "disabled": false,
      "expanded": undefined,
      "selected": undefined,
    }
  }
  accessibilityValue={
    {
      "max": undefined,
      "min": undefined,
      "now": undefined,
      "text": undefined,
    }
  }
  accessible={true}
  collapsable={false}
  focusable={true}
  onBlur={[Function]}
  onClick={[Function]}
  onFocus={[Function]}
  onResponderGrant={[Function]}
  onResponderMove={[Function]}
  onResponderRelease={[Function]}
  onResponderTerminate={[Function]}
  onResponderTerminationRequest={[Function]}
  onStartShouldSetResponder={[Function]}
  style={
    [
      false,
      [
        {
          "paddingRight": 24,
          "paddingVertical": 8,
        },
        {
          "borderColor": "#E0E0E0",
          "borderRadius": 5,
          "borderWidth": 1,
          "marginVertical": 5,
        },
      ],
    ]
  }
  testID="list-item"
>
  <View
    style={
      {
        "flexDirection": "row",
        "marginVertical": 6,
        "width": "100%",
      }
    }
  >
    <View
      pointerEvents="box-none"
      style={
        [
          {
            "alignItems": "center",
            "justifyContent": "center",
          },
          {
            "alignSelf": "center",
            "marginLeft": 16,
            "marginRight": 0,
            "marginVertical": 0,
          },
        ]
      }
    />
    <View
      style={
        [
          {
            "paddingLeft": 16,
          },
          {
            "flexGrow": 1,
            "flexShrink": 1,
            "justifyContent": "center",
          },
          undefined,
        ]
      }
      testID="list-item-content"
    >
      <Text
        numberOfLines={1}
        selectable={false}
        style={
          [
            {
              "textAlign": "left",
            },
            {
              "color": "rgba(28, 27, 31, 1)",
              "fontFamily": "System",
              "fontWeight": "400",
              "letterSpacing": 0,
            },
            {
              "writingDirection": "ltr",
            },
            [
              {
                "fontSize": 16,
              },
              {
                "color": "rgba(28, 27, 31, 1)",
              },
              undefined,
            ],
          ]
        }
      >
        Item
      </Text>
    </View>
    <View
      pointerEvents="box-none"
      style={
        [
          {
            "alignItems": "center",
            "justifyContent": "center",
          },
          {
            "alignSelf": "center",
            "marginLeft": 16,
            "marginRight": 0,
            "marginVertical": 0,
          },
        ]
      }
    >
      <Text
        accessibilityElementsHidden={true}
        allowFontScaling={false}
        importantForAccessibility="no-hide-descendants"
        pointerEvents="none"
        selectable={false}
        style={
          [
            {
              "color": "rgba(73, 69, 79, 1)",
              "fontSize": 24,
            },
            [
              {
                "lineHeight": 24,
                "transform": [
                  {
                    "scaleX": 1,
                  },
                ],
              },
              {
                "backgroundColor": "transparent",
              },
            ],
            {
              "fontFamily": "material-community",
              "fontStyle": "normal",
              "fontWeight": "normal",
            },
            {},
          ]
        }
      >
        ó°…‚
      </Text>
    </View>
  </View>
</View>
`;
