// Jest Snapshot v1, https://goo.gl/fbAQLP

exports[`ProductServiceCard should render correctly 1`] = `
<View
  collapsable={false}
  style={
    {
      "backgroundColor": "#f2f2f2",
      "borderRadius": 12,
      "shadowColor": "#000",
      "shadowOffset": {
        "height": 1,
        "width": 0,
      },
      "shadowOpacity": 0.15,
      "shadowRadius": 3,
      "width": "100%",
    }
  }
  testID="card-container-outer-layer"
>
  <View
    collapsable={false}
    style={
      {
        "backgroundColor": "#f2f2f2",
        "borderRadius": 12,
        "elevation": 1,
        "flex": undefined,
        "shadowColor": "#000",
        "shadowOffset": {
          "height": 1,
          "width": 0,
        },
        "shadowOpacity": 0.3,
        "shadowRadius": 1,
      }
    }
    testID="card-container"
  >
    <View
      style={
        [
          {
            "flexShrink": 1,
          },
          undefined,
        ]
      }
      testID="card"
    >
      <View
        style={
          [
            {
              "backgroundColor": "#eeeeee",
              "height": 195,
              "overflow": "hidden",
            },
            {
              "borderRadius": 12,
            },
            undefined,
          ]
        }
      >
        <Image
          accessibilityIgnoresInvertColors={true}
          borderRadiusStyles={{}}
          siblings={
            [
              "Card.Cover",
              "Card.Content",
            ]
          }
          source={
            {
              "uri": "test.jpg",
            }
          }
          style={
            [
              {
                "flex": 1,
                "height": undefined,
                "justifyContent": "flex-end",
                "padding": 16,
                "width": undefined,
              },
              {
                "borderRadius": 12,
              },
            ]
          }
        />
      </View>
      <View
        borderRadiusStyles={{}}
        style={
          [
            {
              "paddingHorizontal": 16,
            },
            {
              "paddingBottom": 16,
            },
            {
              "justifyContent": "center",
              "marginTop": 10,
              "paddingBottom": 10,
            },
          ]
        }
      >
        <Text
          style={
            [
              {
                "textAlign": "left",
              },
              {
                "color": "rgba(28, 27, 31, 1)",
                "writingDirection": "ltr",
              },
              [
                {
                  "fontFamily": "System",
                  "fontSize": 22,
                  "fontWeight": "400",
                  "letterSpacing": 0,
                  "lineHeight": 28,
                },
                {
                  "fontWeight": "bold",
                },
              ],
            ]
          }
        >
          Test
        </Text>
        <Text
          style={
            [
              {
                "textAlign": "left",
              },
              {
                "color": "rgba(28, 27, 31, 1)",
                "writingDirection": "ltr",
              },
              [
                {
                  "fontFamily": "System",
                  "fontSize": 14,
                  "fontWeight": "400",
                  "letterSpacing": 0.25,
                  "lineHeight": 20,
                },
                undefined,
              ],
            ]
          }
        >
          Test description
        </Text>
        <View
          style={
            {
              "alignItems": "flex-start",
              "flexDirection": "row",
              "justifyContent": "space-between",
              "marginTop": 10,
            }
          }
        >
          <View
            collapsable={false}
            style={
              {
                "backgroundColor": "rgba(231, 224, 236, 1)",
                "borderRadius": 8,
                "shadowColor": "#000",
                "shadowOffset": {
                  "height": 0,
                  "width": 0,
                },
                "shadowOpacity": 0,
                "shadowRadius": 0,
              }
            }
            testID="chip-container-outer-layer"
          >
            <View
              collapsable={false}
              style={
                {
                  "backgroundColor": "rgba(231, 224, 236, 1)",
                  "borderColor": "rgba(121, 116, 126, 1)",
                  "borderRadius": 8,
                  "borderStyle": "solid",
                  "borderWidth": 0,
                  "flex": undefined,
                  "flexDirection": "column",
                  "shadowColor": "#000",
                  "shadowOffset": {
                    "height": 0,
                    "width": 0,
                  },
                  "shadowOpacity": 0,
                  "shadowRadius": 0,
                }
              }
              testID="chip-container"
            >
              <View
                accessibilityRole="button"
                accessibilityState={
                  {
                    "busy": undefined,
                    "checked": undefined,
                    "disabled": true,
                    "expanded": undefined,
                    "selected": false,
                  }
                }
                accessibilityValue={
                  {
                    "max": undefined,
                    "min": undefined,
                    "now": undefined,
                    "text": undefined,
                  }
                }
                accessible={true}
                collapsable={false}
                focusable={true}
                onBlur={[Function]}
                onClick={[Function]}
                onFocus={[Function]}
                onResponderGrant={[Function]}
                onResponderMove={[Function]}
                onResponderRelease={[Function]}
                onResponderTerminate={[Function]}
                onResponderTerminationRequest={[Function]}
                onStartShouldSetResponder={[Function]}
                style={
                  [
                    {
                      "overflow": "hidden",
                    },
                    [
                      {
                        "borderRadius": 8,
                      },
                      {
                        "width": "100%",
                      },
                    ],
                  ]
                }
                testID="chip"
              >
                <View
                  style={
                    [
                      {
                        "alignItems": "center",
                        "flexDirection": "row",
                        "paddingLeft": 4,
                        "position": "relative",
                      },
                      {
                        "paddingLeft": 0,
                      },
                      {
                        "paddingRight": 0,
                      },
                    ]
                  }
                >
                  <Text
                    numberOfLines={1}
                    selectable={false}
                    style={
                      [
                        {
                          "textAlign": "left",
                        },
                        {
                          "color": "rgba(28, 27, 31, 1)",
                          "writingDirection": "ltr",
                        },
                        [
                          {
                            "fontFamily": "System",
                            "fontSize": 14,
                            "fontWeight": "500",
                            "letterSpacing": 0.1,
                            "lineHeight": 20,
                          },
                          [
                            {
                              "marginVertical": 6,
                              "textAlignVertical": "center",
                            },
                            {
                              "color": "rgba(29, 25, 43, 1)",
                              "fontFamily": "System",
                              "fontSize": 14,
                              "fontWeight": "500",
                              "letterSpacing": 0.1,
                              "lineHeight": 20,
                            },
                            {
                              "marginLeft": 16,
                              "marginRight": 16,
                            },
                            {
                              "color": "rgba(33, 0, 93, 1)",
                              "textTransform": "capitalize",
                            },
                          ],
                        ],
                      ]
                    }
                  >
                    productService.Test category
                  </Text>
                </View>
              </View>
            </View>
          </View>
          <View
            collapsable={false}
            style={
              {
                "backgroundColor": "rgba(255, 216, 228, 1)",
                "borderRadius": 8,
                "shadowColor": "#000",
                "shadowOffset": {
                  "height": 0,
                  "width": 0,
                },
                "shadowOpacity": 0,
                "shadowRadius": 0,
              }
            }
            testID="chip-container-outer-layer"
          >
            <View
              collapsable={false}
              style={
                {
                  "backgroundColor": "rgba(255, 216, 228, 1)",
                  "borderColor": "rgba(121, 116, 126, 1)",
                  "borderRadius": 8,
                  "borderStyle": "solid",
                  "borderWidth": 0,
                  "flex": undefined,
                  "flexDirection": "column",
                  "shadowColor": "#000",
                  "shadowOffset": {
                    "height": 0,
                    "width": 0,
                  },
                  "shadowOpacity": 0,
                  "shadowRadius": 0,
                }
              }
              testID="chip-container"
            >
              <View
                accessibilityRole="button"
                accessibilityState={
                  {
                    "busy": undefined,
                    "checked": undefined,
                    "disabled": true,
                    "expanded": undefined,
                    "selected": false,
                  }
                }
                accessibilityValue={
                  {
                    "max": undefined,
                    "min": undefined,
                    "now": undefined,
                    "text": undefined,
                  }
                }
                accessible={true}
                collapsable={false}
                focusable={true}
                onBlur={[Function]}
                onClick={[Function]}
                onFocus={[Function]}
                onResponderGrant={[Function]}
                onResponderMove={[Function]}
                onResponderRelease={[Function]}
                onResponderTerminate={[Function]}
                onResponderTerminationRequest={[Function]}
                onStartShouldSetResponder={[Function]}
                style={
                  [
                    {
                      "overflow": "hidden",
                    },
                    [
                      {
                        "borderRadius": 8,
                      },
                      {
                        "width": "100%",
                      },
                    ],
                  ]
                }
                testID="chip"
              >
                <View
                  style={
                    [
                      {
                        "alignItems": "center",
                        "flexDirection": "row",
                        "paddingLeft": 4,
                        "position": "relative",
                      },
                      {
                        "paddingLeft": 0,
                      },
                      {
                        "paddingRight": 0,
                      },
                    ]
                  }
                >
                  <Text
                    numberOfLines={1}
                    selectable={false}
                    style={
                      [
                        {
                          "textAlign": "left",
                        },
                        {
                          "color": "rgba(28, 27, 31, 1)",
                          "writingDirection": "ltr",
                        },
                        [
                          {
                            "fontFamily": "System",
                            "fontSize": 14,
                            "fontWeight": "500",
                            "letterSpacing": 0.1,
                            "lineHeight": 20,
                          },
                          [
                            {
                              "marginVertical": 6,
                              "textAlignVertical": "center",
                            },
                            {
                              "color": "rgba(29, 25, 43, 1)",
                              "fontFamily": "System",
                              "fontSize": 14,
                              "fontWeight": "500",
                              "letterSpacing": 0.1,
                              "lineHeight": 20,
                            },
                            {
                              "marginLeft": 16,
                              "marginRight": 16,
                            },
                            {
                              "color": "rgba(49, 17, 29, 1)",
                            },
                          ],
                        ],
                      ]
                    }
                  >
                    COP 100.00 / productService.monthly
                  </Text>
                </View>
              </View>
            </View>
          </View>
        </View>
      </View>
    </View>
  </View>
</View>
`;
