// Jest Snapshot v1, https://goo.gl/fbAQLP

exports[`Login should render correctly 1`] = `
<View
  style={
    {
      "backgroundColor": "white",
      "flex": 1,
      "justifyContent": "center",
      "padding": 16,
    }
  }
>
  <View
    style={
      {
        "alignItems": "center",
        "justifyContent": "center",
        "marginBottom": 0,
      }
    }
  >
    <Image
      source={
        {
          "default": "mocked-file-content",
        }
      }
      style={
        {
          "backgroundColor": "grey",
          "borderRadius": 75,
          "height": 150,
          "marginBottom": 0,
          "width": 150,
        }
      }
      testID="logo"
    />
  </View>
  <Text
    style={
      [
        {
          "textAlign": "left",
        },
        {
          "color": "rgba(28, 27, 31, 1)",
          "fontFamily": "System",
          "fontWeight": "400",
          "letterSpacing": 0,
        },
        {
          "writingDirection": "ltr",
        },
        {
          "fontSize": 48,
          "fontWeight": "bold",
          "marginBottom": 10,
          "textAlign": "center",
        },
      ]
    }
  >
    app.name
  </Text>
  <View
    style={
      {
        "borderColor": "gray",
        "borderRadius": 5,
        "borderWidth": 1,
        "padding": 15,
      }
    }
  >
    <View
      style={{}}
    >
      <View
        pointerEvents="none"
        style={
          [
            {
              "bottom": 0,
              "left": 0,
              "position": "absolute",
              "right": 0,
              "top": 6,
            },
            false,
            {
              "backgroundColor": "rgba(255, 251, 254, 1)",
              "borderColor": "rgba(121, 116, 126, 1)",
              "borderRadius": 4,
              "borderWidth": 1,
            },
            undefined,
          ]
        }
        testID="text-input-outline"
      />
      <View
        style={
          [
            {
              "paddingBottom": 0,
            },
            {
              "minHeight": 56,
              "paddingTop": 8,
            },
          ]
        }
      >
        <View
          collapsable={false}
          pointerEvents="none"
          style={
            {
              "bottom": 0,
              "left": 0,
              "opacity": 1,
              "position": "absolute",
              "right": 0,
              "top": 0,
              "transform": [
                {
                  "translateX": 0,
                },
              ],
              "width": 750,
              "zIndex": 3,
            }
          }
        >
          <Text
            collapsable={false}
            maxFontSizeMultiplier={1.5}
            numberOfLines={1}
            style={
              {
                "backgroundColor": "rgba(255, 251, 254, 1)",
                "color": "transparent",
                "fontFamily": "System",
                "fontSize": 16,
                "fontWeight": undefined,
                "left": 8,
                "letterSpacing": 0.15,
                "lineHeight": undefined,
                "opacity": -0.6666666666666667,
                "paddingHorizontal": 0,
                "position": "absolute",
                "textAlign": "left",
                "top": 33,
                "transform": [
                  {
                    "translateX": 0,
                  },
                  {
                    "translateY": 0,
                  },
                  {
                    "scale": 1,
                  },
                  {
                    "scaleY": 1,
                  },
                ],
                "width": -16,
                "writingDirection": "ltr",
              }
            }
            testID="text-input-email-label-background"
          >
            form.email
          </Text>
          <Text
            collapsable={false}
            maxFontSizeMultiplier={1.5}
            numberOfLines={1}
            onLayout={[Function]}
            onTextLayout={[Function]}
            style={
              {
                "color": "rgba(103, 80, 164, 1)",
                "fontFamily": "System",
                "fontSize": 16,
                "fontWeight": undefined,
                "left": 0,
                "letterSpacing": 0.15,
                "lineHeight": undefined,
                "maxWidth": 73,
                "opacity": 0,
                "paddingHorizontal": 16,
                "position": "absolute",
                "textAlign": "left",
                "top": 32,
                "transform": [
                  {
                    "translateX": 0,
                  },
                  {
                    "translateY": 0,
                  },
                  {
                    "scale": 1,
                  },
                ],
                "writingDirection": "ltr",
              }
            }
            testID="text-input-email-label-active"
          >
            form.email
          </Text>
          <Text
            collapsable={false}
            maxFontSizeMultiplier={1.5}
            numberOfLines={1}
            style={
              {
                "color": "rgba(73, 69, 79, 1)",
                "fontFamily": "System",
                "fontSize": 16,
                "fontWeight": undefined,
                "left": 0,
                "letterSpacing": 0.15,
                "lineHeight": undefined,
                "maxWidth": 73,
                "opacity": 0,
                "paddingHorizontal": 16,
                "position": "absolute",
                "textAlign": "left",
                "top": 32,
                "transform": [
                  {
                    "translateX": 0,
                  },
                  {
                    "translateY": 0,
                  },
                  {
                    "scale": 1,
                  },
                ],
                "writingDirection": "ltr",
              }
            }
            testID="text-input-email-label-inactive"
          >
            form.email
          </Text>
        </View>
        <TextInput
          cursorColor="rgba(103, 80, 164, 1)"
          editable={true}
          maxFontSizeMultiplier={1.5}
          multiline={false}
          onBlur={[Function]}
          onChangeText={[Function]}
          onFocus={[Function]}
          onLayout={[Function]}
          placeholder=" "
          placeholderTextColor="rgba(73, 69, 79, 1)"
          selectionColor="rgba(103, 80, 164, 1)"
          style={
            [
              {
                "margin": 0,
              },
              {
                "height": 48,
              },
              {
                "paddingBottom": 0,
                "paddingTop": 0,
              },
              {
                "color": "rgba(28, 27, 31, 1)",
                "fontFamily": "System",
                "fontSize": 16,
                "fontWeight": undefined,
                "letterSpacing": 0.15,
                "lineHeight": undefined,
                "minWidth": 65,
                "paddingHorizontal": 16,
                "textAlign": "left",
                "textAlignVertical": "center",
              },
              false,
              [
                {},
              ],
              undefined,
            ]
          }
          testID="text-input-email"
          underlineColorAndroid="transparent"
          value=""
        />
      </View>
    </View>
    <Text
      collapsable={false}
      maxFontSizeMultiplier={1.5}
      onLayout={[Function]}
      style={
        {
          "color": "rgba(179, 38, 30, 1)",
          "fontFamily": "System",
          "fontSize": 12,
          "fontWeight": "400",
          "letterSpacing": 0.25,
          "lineHeight": 20,
          "opacity": 0,
          "paddingHorizontal": 12,
          "paddingVertical": 4,
          "textAlign": "left",
          "transform": [],
          "writingDirection": "ltr",
        }
      }
      testID="error-helper-text"
    >
      validations.email
    </Text>
    <View
      style={
        {
          "marginBottom": 10,
        }
      }
    >
      <View
        pointerEvents="none"
        style={
          [
            {
              "bottom": 0,
              "left": 0,
              "position": "absolute",
              "right": 0,
              "top": 6,
            },
            false,
            {
              "backgroundColor": "rgba(255, 251, 254, 1)",
              "borderColor": "rgba(121, 116, 126, 1)",
              "borderRadius": 4,
              "borderWidth": 1,
            },
            undefined,
          ]
        }
        testID="text-input-outline"
      />
      <View
        style={
          [
            {
              "paddingBottom": 0,
            },
            {
              "minHeight": 56,
              "paddingTop": 8,
            },
          ]
        }
      >
        <View
          collapsable={false}
          pointerEvents="none"
          style={
            {
              "bottom": 0,
              "left": 0,
              "opacity": 1,
              "position": "absolute",
              "right": 0,
              "top": 0,
              "transform": [
                {
                  "translateX": 0,
                },
              ],
              "width": 750,
              "zIndex": 3,
            }
          }
        >
          <Text
            collapsable={false}
            maxFontSizeMultiplier={1.5}
            numberOfLines={1}
            style={
              {
                "backgroundColor": "rgba(255, 251, 254, 1)",
                "color": "transparent",
                "fontFamily": "System",
                "fontSize": 16,
                "fontWeight": undefined,
                "left": 8,
                "letterSpacing": 0.15,
                "lineHeight": undefined,
                "opacity": -0.6666666666666667,
                "paddingHorizontal": 0,
                "position": "absolute",
                "textAlign": "left",
                "top": 33,
                "transform": [
                  {
                    "translateX": 0,
                  },
                  {
                    "translateY": 0,
                  },
                  {
                    "scale": 1,
                  },
                  {
                    "scaleY": 1,
                  },
                ],
                "width": -16,
                "writingDirection": "ltr",
              }
            }
            testID="text-input-password-label-background"
          >
            form.password
          </Text>
          <Text
            collapsable={false}
            maxFontSizeMultiplier={1.5}
            numberOfLines={1}
            onLayout={[Function]}
            onTextLayout={[Function]}
            style={
              {
                "color": "rgba(103, 80, 164, 1)",
                "fontFamily": "System",
                "fontSize": 16,
                "fontWeight": undefined,
                "left": 0,
                "letterSpacing": 0.15,
                "lineHeight": undefined,
                "maxWidth": 73,
                "opacity": 0,
                "paddingHorizontal": 16,
                "position": "absolute",
                "textAlign": "left",
                "top": 32,
                "transform": [
                  {
                    "translateX": 0,
                  },
                  {
                    "translateY": 0,
                  },
                  {
                    "scale": 1,
                  },
                ],
                "writingDirection": "ltr",
              }
            }
            testID="text-input-password-label-active"
          >
            form.password
          </Text>
          <Text
            collapsable={false}
            maxFontSizeMultiplier={1.5}
            numberOfLines={1}
            style={
              {
                "color": "rgba(73, 69, 79, 1)",
                "fontFamily": "System",
                "fontSize": 16,
                "fontWeight": undefined,
                "left": 0,
                "letterSpacing": 0.15,
                "lineHeight": undefined,
                "maxWidth": 73,
                "opacity": 0,
                "paddingHorizontal": 16,
                "position": "absolute",
                "textAlign": "left",
                "top": 32,
                "transform": [
                  {
                    "translateX": 0,
                  },
                  {
                    "translateY": 0,
                  },
                  {
                    "scale": 1,
                  },
                ],
                "writingDirection": "ltr",
              }
            }
            testID="text-input-password-label-inactive"
          >
            form.password
          </Text>
        </View>
        <TextInput
          cursorColor="rgba(103, 80, 164, 1)"
          editable={true}
          maxFontSizeMultiplier={1.5}
          multiline={false}
          onBlur={[Function]}
          onChangeText={[Function]}
          onFocus={[Function]}
          onLayout={[Function]}
          placeholder=" "
          placeholderTextColor="rgba(73, 69, 79, 1)"
          secureTextEntry={true}
          selectionColor="rgba(103, 80, 164, 1)"
          style={
            [
              {
                "margin": 0,
              },
              {
                "height": 48,
              },
              {
                "paddingBottom": 0,
                "paddingTop": 0,
              },
              {
                "color": "rgba(28, 27, 31, 1)",
                "fontFamily": "System",
                "fontSize": 16,
                "fontWeight": undefined,
                "letterSpacing": 0.15,
                "lineHeight": undefined,
                "minWidth": 65,
                "paddingHorizontal": 16,
                "textAlign": "left",
                "textAlignVertical": "center",
              },
              false,
              [
                {},
              ],
              undefined,
            ]
          }
          testID="text-input-password"
          underlineColorAndroid="transparent"
          value=""
        />
      </View>
    </View>
    <View
      collapsable={false}
      style={
        {
          "backgroundColor": "rgba(28, 27, 31, 0.12)",
          "borderRadius": 5,
          "marginTop": 16,
          "shadowColor": "#000",
          "shadowOffset": {
            "height": 0,
            "width": 0,
          },
          "shadowOpacity": 0,
          "shadowRadius": 0,
        }
      }
      testID="button-container-outer-layer"
    >
      <View
        collapsable={false}
        style={
          {
            "backgroundColor": "rgba(28, 27, 31, 0.12)",
            "borderColor": "transparent",
            "borderRadius": 5,
            "borderStyle": "solid",
            "borderWidth": 0,
            "flex": undefined,
            "minWidth": 64,
            "shadowColor": "#000",
            "shadowOffset": {
              "height": 0,
              "width": 0,
            },
            "shadowOpacity": 0,
            "shadowRadius": 0,
          }
        }
        testID="button-container"
      >
        <View
          accessibilityRole="button"
          accessibilityState={
            {
              "busy": undefined,
              "checked": undefined,
              "disabled": true,
              "expanded": undefined,
              "selected": undefined,
            }
          }
          accessibilityValue={
            {
              "max": undefined,
              "min": undefined,
              "now": undefined,
              "text": undefined,
            }
          }
          accessible={true}
          collapsable={false}
          focusable={true}
          onBlur={[Function]}
          onClick={[Function]}
          onFocus={[Function]}
          onResponderGrant={[Function]}
          onResponderMove={[Function]}
          onResponderRelease={[Function]}
          onResponderTerminate={[Function]}
          onResponderTerminationRequest={[Function]}
          onStartShouldSetResponder={[Function]}
          style={
            [
              {
                "overflow": "hidden",
              },
              {
                "borderRadius": 5,
              },
            ]
          }
          testID="button"
        >
          <View
            style={
              [
                {
                  "alignItems": "center",
                  "flexDirection": "row",
                  "justifyContent": "center",
                },
                undefined,
              ]
            }
          >
            <Text
              numberOfLines={1}
              selectable={false}
              style={
                [
                  {
                    "textAlign": "left",
                  },
                  {
                    "color": "rgba(28, 27, 31, 1)",
                    "writingDirection": "ltr",
                  },
                  [
                    {
                      "fontFamily": "System",
                      "fontSize": 14,
                      "fontWeight": "500",
                      "letterSpacing": 0.1,
                      "lineHeight": 20,
                    },
                    [
                      {
                        "marginHorizontal": 16,
                        "marginVertical": 9,
                        "textAlign": "center",
                      },
                      false,
                      {
                        "marginHorizontal": 24,
                        "marginVertical": 10,
                      },
                      undefined,
                      false,
                      {
                        "color": "rgba(28, 27, 31, 0.38)",
                        "fontFamily": "System",
                        "fontSize": 14,
                        "fontWeight": "500",
                        "letterSpacing": 0.1,
                        "lineHeight": 20,
                      },
                      undefined,
                    ],
                  ],
                ]
              }
              testID="button-text"
            >
              login.go
            </Text>
          </View>
        </View>
      </View>
    </View>
  </View>
  <Text
    collapsable={false}
    maxFontSizeMultiplier={1.5}
    onLayout={[Function]}
    style={
      {
        "color": "rgba(179, 38, 30, 1)",
        "fontFamily": "System",
        "fontSize": 12,
        "fontWeight": "400",
        "letterSpacing": 0.25,
        "lineHeight": 20,
        "opacity": 0,
        "paddingHorizontal": 12,
        "paddingVertical": 4,
        "textAlign": "center",
        "transform": [],
        "writingDirection": "ltr",
      }
    }
    testID="unauthorized-helper-text"
  >
    validations.emailOrPassword
  </Text>
</View>
`;
