// Jest Snapshot v1, https://goo.gl/fbAQLP

exports[`ServicesAndProducts should render correctly 1`] = `
[
  <View>
    <Text
      style={
        [
          {
            "textAlign": "left",
          },
          {
            "color": "rgba(28, 27, 31, 1)",
            "writingDirection": "ltr",
          },
          [
            {
              "fontFamily": "System",
              "fontSize": 22,
              "fontWeight": "400",
              "letterSpacing": 0,
              "lineHeight": 28,
            },
            {
              "fontWeight": "bold",
            },
          ],
        ]
      }
    />
    <Image
      source={
        {
          "uri": undefined,
        }
      }
      style={
        {
          "height": 200,
          "width": "100%",
        }
      }
    />
    <RCTScrollView
      contentInsetAdjustmentBehavior="automatic"
      style={
        {
          "maxHeight": "50%",
        }
      }
    >
      <View>
        <View
          style={{}}
        />
      </View>
    </RCTScrollView>
    <TextInput
      keyboardType="numeric"
      label="Cantidad"
      mode="outlined"
      onChangeText={[Function]}
      testID="quantity"
    />
    <View
      style={
        {
          "flexDirection": "row",
          "justifyContent": "flex-end",
        }
      }
    >
      <View
        collapsable={false}
        style={
          {
            "backgroundColor": "transparent",
            "borderRadius": 20,
            "shadowColor": "#000",
            "shadowOffset": {
              "height": 0,
              "width": 0,
            },
            "shadowOpacity": 0,
            "shadowRadius": 0,
          }
        }
        testID="cancelButton-container-outer-layer"
      >
        <View
          collapsable={false}
          style={
            {
              "backgroundColor": "transparent",
              "borderColor": "transparent",
              "borderRadius": 20,
              "borderStyle": "solid",
              "borderWidth": 0,
              "flex": undefined,
              "minWidth": 64,
              "shadowColor": "#000",
              "shadowOffset": {
                "height": 0,
                "width": 0,
              },
              "shadowOpacity": 0,
              "shadowRadius": 0,
            }
          }
          testID="cancelButton-container"
        >
          <View
            accessibilityRole="button"
            accessibilityState={
              {
                "busy": undefined,
                "checked": undefined,
                "disabled": false,
                "expanded": undefined,
                "selected": undefined,
              }
            }
            accessibilityValue={
              {
                "max": undefined,
                "min": undefined,
                "now": undefined,
                "text": undefined,
              }
            }
            accessible={true}
            collapsable={false}
            focusable={true}
            onBlur={[Function]}
            onClick={[Function]}
            onFocus={[Function]}
            onResponderGrant={[Function]}
            onResponderMove={[Function]}
            onResponderRelease={[Function]}
            onResponderTerminate={[Function]}
            onResponderTerminationRequest={[Function]}
            onStartShouldSetResponder={[Function]}
            style={
              [
                {
                  "overflow": "hidden",
                },
                {
                  "borderRadius": 20,
                },
              ]
            }
            testID="cancelButton"
          >
            <View
              style={
                [
                  {
                    "alignItems": "center",
                    "flexDirection": "row",
                    "justifyContent": "center",
                  },
                  undefined,
                ]
              }
            >
              <Text
                numberOfLines={1}
                selectable={false}
                style={
                  [
                    {
                      "textAlign": "left",
                    },
                    {
                      "color": "rgba(28, 27, 31, 1)",
                      "writingDirection": "ltr",
                    },
                    [
                      {
                        "fontFamily": "System",
                        "fontSize": 14,
                        "fontWeight": "500",
                        "letterSpacing": 0.1,
                        "lineHeight": 20,
                      },
                      [
                        {
                          "marginHorizontal": 16,
                          "marginVertical": 9,
                          "textAlign": "center",
                        },
                        false,
                        {
                          "marginHorizontal": 12,
                        },
                        undefined,
                        false,
                        {
                          "color": "rgba(179, 38, 30, 1)",
                          "fontFamily": "System",
                          "fontSize": 14,
                          "fontWeight": "500",
                          "letterSpacing": 0.1,
                          "lineHeight": 20,
                        },
                        undefined,
                      ],
                    ],
                  ]
                }
                testID="cancelButton-text"
              >
                Cerrar
              </Text>
            </View>
          </View>
        </View>
      </View>
      <View
        collapsable={false}
        style={
          {
            "backgroundColor": "transparent",
            "borderRadius": 20,
            "shadowColor": "#000",
            "shadowOffset": {
              "height": 0,
              "width": 0,
            },
            "shadowOpacity": 0,
            "shadowRadius": 0,
          }
        }
        testID="adquireButton-container-outer-layer"
      >
        <View
          collapsable={false}
          style={
            {
              "backgroundColor": "transparent",
              "borderColor": "transparent",
              "borderRadius": 20,
              "borderStyle": "solid",
              "borderWidth": 0,
              "flex": undefined,
              "minWidth": 64,
              "shadowColor": "#000",
              "shadowOffset": {
                "height": 0,
                "width": 0,
              },
              "shadowOpacity": 0,
              "shadowRadius": 0,
            }
          }
          testID="adquireButton-container"
        >
          <View
            accessibilityRole="button"
            accessibilityState={
              {
                "busy": undefined,
                "checked": undefined,
                "disabled": true,
                "expanded": undefined,
                "selected": undefined,
              }
            }
            accessibilityValue={
              {
                "max": undefined,
                "min": undefined,
                "now": undefined,
                "text": undefined,
              }
            }
            accessible={true}
            collapsable={false}
            focusable={true}
            onBlur={[Function]}
            onClick={[Function]}
            onFocus={[Function]}
            onResponderGrant={[Function]}
            onResponderMove={[Function]}
            onResponderRelease={[Function]}
            onResponderTerminate={[Function]}
            onResponderTerminationRequest={[Function]}
            onStartShouldSetResponder={[Function]}
            style={
              [
                {
                  "overflow": "hidden",
                },
                {
                  "borderRadius": 20,
                },
              ]
            }
            testID="adquireButton"
          >
            <View
              style={
                [
                  {
                    "alignItems": "center",
                    "flexDirection": "row",
                    "justifyContent": "center",
                  },
                  undefined,
                ]
              }
            >
              <Text
                numberOfLines={1}
                selectable={false}
                style={
                  [
                    {
                      "textAlign": "left",
                    },
                    {
                      "color": "rgba(28, 27, 31, 1)",
                      "writingDirection": "ltr",
                    },
                    [
                      {
                        "fontFamily": "System",
                        "fontSize": 14,
                        "fontWeight": "500",
                        "letterSpacing": 0.1,
                        "lineHeight": 20,
                      },
                      [
                        {
                          "marginHorizontal": 16,
                          "marginVertical": 9,
                          "textAlign": "center",
                        },
                        false,
                        {
                          "marginHorizontal": 12,
                        },
                        undefined,
                        false,
                        {
                          "color": "rgba(28, 27, 31, 0.38)",
                          "fontFamily": "System",
                          "fontSize": 14,
                          "fontWeight": "500",
                          "letterSpacing": 0.1,
                          "lineHeight": 20,
                        },
                        undefined,
                      ],
                    ],
                  ]
                }
                testID="adquireButton-text"
              >
                Adquirir
              </Text>
            </View>
          </View>
        </View>
      </View>
    </View>
  </View>,
  <RCTScrollView
    contentContainerStyle={
      {
        "alignItems": "center",
        "gap": 20,
        "justifyContent": "center",
        "marginHorizontal": 15,
        "paddingBottom": 50,
        "paddingTop": 110,
      }
    }
    onScroll={[Function]}
    scrollEventThrottle={400}
    testID="scrollView"
  >
    <View>
      <View
        collapsable={false}
        style={
          {
            "backgroundColor": "rgb(238, 232, 244)",
            "borderRadius": 28,
            "shadowColor": "#000",
            "shadowOffset": {
              "height": 0,
              "width": 0,
            },
            "shadowOpacity": 0,
            "shadowRadius": 0,
            "width": "100%",
          }
        }
        testID="search-container-outer-layer"
      >
        <View
          collapsable={false}
          style={
            {
              "alignItems": "center",
              "backgroundColor": "rgb(238, 232, 244)",
              "borderRadius": 28,
              "flex": undefined,
              "flexDirection": "row",
              "shadowColor": "#000",
              "shadowOffset": {
                "height": 0,
                "width": 0,
              },
              "shadowOpacity": 0,
              "shadowRadius": 0,
            }
          }
          testID="search-container"
        >
          <View
            collapsable={false}
            style={
              {
                "backgroundColor": "transparent",
                "borderRadius": 20,
                "height": 40,
                "margin": 6,
                "shadowColor": "#000",
                "shadowOffset": {
                  "height": 0,
                  "width": 0,
                },
                "shadowOpacity": 0,
                "shadowRadius": 0,
                "width": 40,
              }
            }
            testID="search-icon-container-outer-layer"
          >
            <View
              collapsable={false}
              style={
                {
                  "backgroundColor": "transparent",
                  "borderColor": "rgba(121, 116, 126, 1)",
                  "borderRadius": 20,
                  "borderWidth": 0,
                  "elevation": 0,
                  "flex": 1,
                  "overflow": "hidden",
                  "shadowColor": "#000",
                  "shadowOffset": {
                    "height": 0,
                    "width": 0,
                  },
                  "shadowOpacity": 0,
                  "shadowRadius": 0,
                }
              }
              testID="search-icon-container"
            >
              <View
                accessibilityComponentType="button"
                accessibilityLabel="search"
                accessibilityRole="button"
                accessibilityState={
                  {
                    "busy": undefined,
                    "checked": undefined,
                    "disabled": true,
                    "expanded": undefined,
                    "selected": undefined,
                  }
                }
                accessibilityTraits="button"
                accessibilityValue={
                  {
                    "max": undefined,
                    "min": undefined,
                    "now": undefined,
                    "text": undefined,
                  }
                }
                accessible={true}
                centered={true}
                collapsable={false}
                focusable={true}
                hitSlop={
                  {
                    "bottom": 6,
                    "left": 6,
                    "right": 6,
                    "top": 6,
                  }
                }
                onBlur={[Function]}
                onClick={[Function]}
                onFocus={[Function]}
                onResponderGrant={[Function]}
                onResponderMove={[Function]}
                onResponderRelease={[Function]}
                onResponderTerminate={[Function]}
                onResponderTerminationRequest={[Function]}
                onStartShouldSetResponder={[Function]}
                style={
                  [
                    {
                      "overflow": "hidden",
                    },
                    [
                      {
                        "alignItems": "center",
                        "flexGrow": 1,
                        "justifyContent": "center",
                      },
                      {
                        "borderRadius": 20,
                      },
                    ],
                  ]
                }
                testID="search-icon"
              >
                <Text
                  accessibilityElementsHidden={true}
                  allowFontScaling={false}
                  importantForAccessibility="no-hide-descendants"
                  pointerEvents="none"
                  selectable={false}
                  style={
                    [
                      {
                        "color": "rgba(73, 69, 79, 1)",
                        "fontSize": 24,
                      },
                      [
                        {
                          "lineHeight": 24,
                          "transform": [
                            {
                              "scaleX": 1,
                            },
                          ],
                        },
                        {
                          "backgroundColor": "transparent",
                        },
                      ],
                      {
                        "fontFamily": "material-community",
                        "fontStyle": "normal",
                        "fontWeight": "normal",
                      },
                      {},
                    ]
                  }
                >
                  󰍉
                </Text>
              </View>
            </View>
          </View>
          <TextInput
            accessibilityRole="search"
            keyboardAppearance="light"
            onChangeText={[Function]}
            placeholder="Search"
            placeholderTextColor="rgba(28, 27, 31, 1)"
            returnKeyType="search"
            selectionColor="rgba(103, 80, 164, 1)"
            style={
              [
                {
                  "alignSelf": "stretch",
                  "flex": 1,
                  "fontSize": 18,
                  "minWidth": 0,
                  "paddingLeft": 8,
                  "textAlign": "left",
                },
                {
                  "color": "rgba(73, 69, 79, 1)",
                  "fontFamily": "System",
                  "fontSize": 16,
                  "fontWeight": "400",
                  "letterSpacing": 0.15,
                  "lineHeight": 0,
                },
                {
                  "minHeight": 56,
                  "paddingLeft": 0,
                },
                undefined,
              ]
            }
            testID="search"
            underlineColorAndroid="transparent"
            value=""
          />
          <View
            pointerEvents="none"
            style={
              [
                {
                  "marginLeft": 16,
                  "position": "absolute",
                  "right": 0,
                },
                false,
              ]
            }
            testID="search-icon-wrapper"
          >
            <View
              collapsable={false}
              style={
                {
                  "backgroundColor": "transparent",
                  "borderRadius": 20,
                  "height": 40,
                  "margin": 6,
                  "shadowColor": "#000",
                  "shadowOffset": {
                    "height": 0,
                    "width": 0,
                  },
                  "shadowOpacity": 0,
                  "shadowRadius": 0,
                  "width": 40,
                }
              }
              testID="search-clear-icon-container-outer-layer"
            >
              <View
                collapsable={false}
                style={
                  {
                    "backgroundColor": "transparent",
                    "borderColor": "rgba(121, 116, 126, 1)",
                    "borderRadius": 20,
                    "borderWidth": 0,
                    "elevation": 0,
                    "flex": 1,
                    "overflow": "hidden",
                    "shadowColor": "#000",
                    "shadowOffset": {
                      "height": 0,
                      "width": 0,
                    },
                    "shadowOpacity": 0,
                    "shadowRadius": 0,
                  }
                }
                testID="search-clear-icon-container"
              >
                <View
                  accessibilityComponentType="button"
                  accessibilityLabel="clear"
                  accessibilityRole="button"
                  accessibilityState={
                    {
                      "busy": undefined,
                      "checked": undefined,
                      "disabled": false,
                      "expanded": undefined,
                      "selected": undefined,
                    }
                  }
                  accessibilityTraits="button"
                  accessibilityValue={
                    {
                      "max": undefined,
                      "min": undefined,
                      "now": undefined,
                      "text": undefined,
                    }
                  }
                  accessible={true}
                  centered={true}
                  collapsable={false}
                  focusable={true}
                  hitSlop={
                    {
                      "bottom": 6,
                      "left": 6,
                      "right": 6,
                      "top": 6,
                    }
                  }
                  onBlur={[Function]}
                  onClick={[Function]}
                  onFocus={[Function]}
                  onResponderGrant={[Function]}
                  onResponderMove={[Function]}
                  onResponderRelease={[Function]}
                  onResponderTerminate={[Function]}
                  onResponderTerminationRequest={[Function]}
                  onStartShouldSetResponder={[Function]}
                  style={
                    [
                      {
                        "overflow": "hidden",
                      },
                      [
                        {
                          "alignItems": "center",
                          "flexGrow": 1,
                          "justifyContent": "center",
                        },
                        {
                          "borderRadius": 20,
                        },
                      ],
                    ]
                  }
                  testID="search-clear-icon"
                >
                  <Text
                    accessibilityElementsHidden={true}
                    allowFontScaling={false}
                    importantForAccessibility="no-hide-descendants"
                    pointerEvents="none"
                    selectable={false}
                    style={
                      [
                        {
                          "color": "rgba(255, 255, 255, 0)",
                          "fontSize": 24,
                        },
                        [
                          {
                            "lineHeight": 24,
                            "transform": [
                              {
                                "scaleX": 1,
                              },
                            ],
                          },
                          {
                            "backgroundColor": "transparent",
                          },
                        ],
                        {
                          "fontFamily": "material-community",
                          "fontStyle": "normal",
                          "fontWeight": "normal",
                        },
                        {},
                      ]
                    }
                  >
                    󰅖
                  </Text>
                </View>
              </View>
            </View>
          </View>
        </View>
      </View>
      <View
        category="category"
        image="image_url"
        onPress={[Function]}
        price={100}
        priceFrequency={false}
        testID="productCard"
        title="name"
      />
      <View
        category="category2"
        image="image_url2"
        onPress={[Function]}
        price={200}
        priceFrequency={false}
        testID="productCard"
        title="name2"
      />
    </View>
  </RCTScrollView>,
  <View
    collapsable={false}
    style={
      {
        "backgroundColor": "rgba(234, 221, 255, 1)",
        "borderRadius": 16,
        "bottom": 0,
        "margin": 16,
        "opacity": 1,
        "position": "absolute",
        "right": 0,
        "shadowColor": "#000",
        "shadowOffset": {
          "height": 4,
          "width": 0,
        },
        "shadowOpacity": 0.15,
        "shadowRadius": 8,
        "transform": [
          {
            "scale": 1,
          },
        ],
      }
    }
    testID="fabScrollUp-container-outer-layer"
  >
    <View
      collapsable={false}
      pointerEvents="auto"
      style={
        {
          "backgroundColor": "rgba(234, 221, 255, 1)",
          "borderRadius": 16,
          "flex": undefined,
          "shadowColor": "#000",
          "shadowOffset": {
            "height": 1,
            "width": 0,
          },
          "shadowOpacity": 0.3,
          "shadowRadius": 3,
        }
      }
      testID="fabScrollUp-container"
    >
      <View
        accessibilityRole="button"
        accessibilityState={
          {
            "busy": undefined,
            "checked": undefined,
            "disabled": false,
            "expanded": undefined,
            "selected": undefined,
          }
        }
        accessibilityValue={
          {
            "max": undefined,
            "min": undefined,
            "now": undefined,
            "text": undefined,
          }
        }
        accessible={true}
        collapsable={false}
        focusable={true}
        onBlur={[Function]}
        onClick={[Function]}
        onFocus={[Function]}
        onResponderGrant={[Function]}
        onResponderMove={[Function]}
        onResponderRelease={[Function]}
        onResponderTerminate={[Function]}
        onResponderTerminationRequest={[Function]}
        onStartShouldSetResponder={[Function]}
        style={
          [
            {
              "overflow": "hidden",
            },
            {
              "borderRadius": 16,
            },
          ]
        }
        testID="fabScrollUp"
      >
        <View
          pointerEvents="none"
          style={
            [
              {
                "alignItems": "center",
                "flexDirection": "row",
                "justifyContent": "center",
              },
              {
                "borderRadius": 16,
                "height": 56,
                "width": 56,
              },
            ]
          }
          testID="fabScrollUp-content"
        >
          <View
            style={
              [
                {
                  "alignItems": "center",
                  "justifyContent": "center",
                },
                {
                  "height": 24,
                  "width": 24,
                },
              ]
            }
          >
            <View
              collapsable={false}
              style={
                {
                  "bottom": 0,
                  "left": 0,
                  "opacity": 1,
                  "position": "absolute",
                  "right": 0,
                  "top": 0,
                  "transform": [
                    {
                      "rotate": "0deg",
                    },
                  ],
                }
              }
              testID="cross-fade-icon-current"
            >
              <Text
                accessibilityElementsHidden={true}
                allowFontScaling={false}
                importantForAccessibility="no-hide-descendants"
                pointerEvents="none"
                selectable={false}
                style={
                  [
                    {
                      "color": "rgba(33, 0, 93, 1)",
                      "fontSize": 24,
                    },
                    [
                      {
                        "lineHeight": 24,
                        "transform": [
                          {
                            "scaleX": 1,
                          },
                        ],
                      },
                      {
                        "backgroundColor": "transparent",
                      },
                    ],
                    {
                      "fontFamily": "material-community",
                      "fontStyle": "normal",
                      "fontWeight": "normal",
                    },
                    {},
                  ]
                }
              >
                󰁝
              </Text>
            </View>
          </View>
        </View>
      </View>
    </View>
  </View>,
]
`;
