// Jest Snapshot v1, https://goo.gl/fbAQLP

exports[`EventCard should render 1`] = `
<div>
  <div
    class="MuiPaper-root MuiPaper-elevation MuiPaper-rounded MuiPaper-elevation1 MuiCard-root css-bhp9pd-MuiPaper-root-MuiCard-root"
  >
    <div
      class="MuiCardContent-root css-46bh2p-MuiCardContent-root"
    >
      <div
        class="MuiBox-root css-1jyfzin"
      >
        <p
          class="MuiTypography-root MuiTypography-body1 css-1m8eymn-MuiTypography-root"
        >
          01 octubre 2024 12:00 AM
        </p>
      </div>
      <h6
        class="MuiTypography-root MuiTypography-h6 MuiTypography-gutterBottom css-18k87ye-MuiTypography-root"
      >
        title
      </h6>
      <div
        class="MuiTypography-root MuiTypography-body2 css-x6zrxh-MuiTypography-root"
      >
        description
      </div>
    </div>
  </div>
</div>
`;
