// Jest Snapshot v1, https://goo.gl/fbAQLP

exports[`AppLayout should render correctly 1`] = `
<View>
  <View>
    <Text>
      Mock Screen
    </Text>
  </View>
</View>
`;
