// Jest Snapshot v1, https://goo.gl/fbAQLP

exports[`TablePaginationActions should render correctly 1`] = `
<div>
  <div
    class="MuiBox-root css-1zye22"
  >
    <button
      aria-label="first page"
      class="MuiButtonBase-root MuiIconButton-root MuiIconButton-sizeMedium css-78trlr-MuiButtonBase-root-MuiIconButton-root"
      tabindex="0"
      type="button"
    >
      <svg
        aria-hidden="true"
        class="MuiSvgIcon-root MuiSvgIcon-fontSizeMedium css-i4bv87-MuiSvgIcon-root"
        data-testid="FirstPageIcon"
        focusable="false"
        viewBox="0 0 24 24"
      >
        <path
          d="M18.41 16.59 13.82 12l4.59-4.59L17 6l-6 6 6 6zM6 6h2v12H6z"
        />
      </svg>
      <span
        class="MuiTouchRipple-root css-8je8zh-MuiTouchRipple-root"
      />
    </button>
    <button
      aria-label="previous page"
      class="MuiButtonBase-root MuiIconButton-root MuiIconButton-sizeMedium css-78trlr-MuiButtonBase-root-MuiIconButton-root"
      tabindex="0"
      type="button"
    >
      <svg
        aria-hidden="true"
        class="MuiSvgIcon-root MuiSvgIcon-fontSizeMedium css-i4bv87-MuiSvgIcon-root"
        data-testid="KeyboardArrowLeftIcon"
        focusable="false"
        viewBox="0 0 24 24"
      >
        <path
          d="M15.41 16.59 10.83 12l4.58-4.59L14 6l-6 6 6 6z"
        />
      </svg>
      <span
        class="MuiTouchRipple-root css-8je8zh-MuiTouchRipple-root"
      />
    </button>
    <button
      aria-label="next page"
      class="MuiButtonBase-root Mui-disabled MuiIconButton-root Mui-disabled MuiIconButton-sizeMedium css-78trlr-MuiButtonBase-root-MuiIconButton-root"
      disabled=""
      tabindex="-1"
      type="button"
    >
      <svg
        aria-hidden="true"
        class="MuiSvgIcon-root MuiSvgIcon-fontSizeMedium css-i4bv87-MuiSvgIcon-root"
        data-testid="KeyboardArrowRightIcon"
        focusable="false"
        viewBox="0 0 24 24"
      >
        <path
          d="M8.59 16.59 13.17 12 8.59 7.41 10 6l6 6-6 6z"
        />
      </svg>
    </button>
    <button
      aria-label="last page"
      class="MuiButtonBase-root Mui-disabled MuiIconButton-root Mui-disabled MuiIconButton-sizeMedium css-78trlr-MuiButtonBase-root-MuiIconButton-root"
      disabled=""
      tabindex="-1"
      type="button"
    >
      <svg
        aria-hidden="true"
        class="MuiSvgIcon-root MuiSvgIcon-fontSizeMedium css-i4bv87-MuiSvgIcon-root"
        data-testid="LastPageIcon"
        focusable="false"
        viewBox="0 0 24 24"
      >
        <path
          d="M5.59 7.41 10.18 12l-4.59 4.59L7 18l6-6-6-6zM16 6h2v12h-2z"
        />
      </svg>
    </button>
  </div>
</div>
`;
