// Jest Snapshot v1, https://goo.gl/fbAQLP

exports[`SportsProfile should render correctly 1`] = `
<RCTScrollView
  contentContainerStyle={
    {
      "alignItems": "center",
      "justifyContent": "center",
      "marginTop": 120,
      "paddingHorizontal": 15,
    }
  }
>
  <View>
    <View
      accessibilityRole="progressbar"
      accessibilityState={
        {
          "busy": true,
        }
      }
      accessible={true}
      style={
        [
          {
            "alignItems": "center",
            "justifyContent": "center",
          },
          undefined,
        ]
      }
    >
      <View
        collapsable={false}
        style={
          {
            "height": 48,
            "opacity": 1,
            "width": 48,
          }
        }
      >
        <View
          collapsable={false}
          style={
            {
              "alignItems": "center",
              "bottom": 0,
              "justifyContent": "center",
              "left": 0,
              "position": "absolute",
              "right": 0,
              "top": 0,
            }
          }
        >
          <View
            collapsable={false}
            style={
              {
                "height": 48,
                "transform": [
                  {
                    "rotate": "45deg",
                  },
                ],
                "width": 48,
              }
            }
          >
            <View
              collapsable={false}
              style={
                {
                  "height": 24,
                  "overflow": "hidden",
                  "width": 48,
                }
              }
            >
              <View
                collapsable={false}
                style={
                  {
                    "height": 48,
                    "transform": [
                      {
                        "translateY": 0,
                      },
                      {
                        "rotate": "-165deg",
                      },
                    ],
                    "width": 48,
                  }
                }
              >
                <View
                  collapsable={false}
                  style={
                    {
                      "height": 24,
                      "overflow": "hidden",
                      "width": 48,
                    }
                  }
                >
                  <View
                    collapsable={false}
                    style={
                      {
                        "borderColor": "rgba(103, 80, 164, 1)",
                        "borderRadius": 24,
                        "borderWidth": 4.8,
                        "height": 48,
                        "width": 48,
                      }
                    }
                  />
                </View>
              </View>
            </View>
          </View>
        </View>
        <View
          collapsable={false}
          style={
            {
              "alignItems": "center",
              "bottom": 0,
              "justifyContent": "center",
              "left": 0,
              "position": "absolute",
              "right": 0,
              "top": 0,
            }
          }
        >
          <View
            collapsable={false}
            style={
              {
                "height": 48,
                "transform": [
                  {
                    "rotate": "45deg",
                  },
                ],
                "width": 48,
              }
            }
          >
            <View
              collapsable={false}
              style={
                {
                  "height": 24,
                  "overflow": "hidden",
                  "top": 24,
                  "width": 48,
                }
              }
            >
              <View
                collapsable={false}
                style={
                  {
                    "height": 48,
                    "transform": [
                      {
                        "translateY": -24,
                      },
                      {
                        "rotate": "345deg",
                      },
                    ],
                    "width": 48,
                  }
                }
              >
                <View
                  collapsable={false}
                  style={
                    {
                      "height": 24,
                      "overflow": "hidden",
                      "width": 48,
                    }
                  }
                >
                  <View
                    collapsable={false}
                    style={
                      {
                        "borderColor": "rgba(103, 80, 164, 1)",
                        "borderRadius": 24,
                        "borderWidth": 4.8,
                        "height": 48,
                        "width": 48,
                      }
                    }
                  />
                </View>
              </View>
            </View>
          </View>
        </View>
      </View>
    </View>
  </View>
</RCTScrollView>
`;

exports[`SportsProfile should work when no sport data is available 1`] = `
<RCTScrollView
  contentContainerStyle={
    {
      "alignItems": "center",
      "justifyContent": "center",
      "marginTop": 120,
      "paddingHorizontal": 15,
    }
  }
>
  <View>
    <View
      style={
        {
          "gap": 10,
          "marginBottom": 200,
          "width": "100%",
        }
      }
    >
      <TextInput
        disabled={true}
        items={[]}
        label="form.favouriteSport"
        onSelect={[Function]}
        testID="dropdown-favourite-sport"
        value="1"
      />
      <TextInput
        disabled={true}
        items={
          [
            {
              "label": "form.trainingObjectiveValue.build_muscle_mass",
              "value": "build_muscle_mass",
            },
            {
              "label": "form.trainingObjectiveValue.lose_weight",
              "value": "lose_weight",
            },
            {
              "label": "form.trainingObjectiveValue.tone_up",
              "value": "tone_up",
            },
            {
              "label": "form.trainingObjectiveValue.maintain_fitness",
              "value": "maintain_fitness",
            },
          ]
        }
        label="form.trainingObjective"
        onSelect={[Function]}
        testID="dropdown-training-objective"
        value="lose_weight"
      />
      <View
        disabled={true}
        label="form.daysOfTheWeek"
        onChange={[Function]}
        testID="day-of-the-week-input"
        value={
          [
            "monday",
            "tuesday",
          ]
        }
      />
      <TextInput
        disabled={true}
        label="form.preferedTrainingStartTime"
        mode="outlined"
        onChangeText={[Function]}
        testID="time-picker-preferred-training-start-time"
        value="08:00 AM"
      />
      <TextInput
        disabled={true}
        label="form.availableTrainingHoursPerDay"
        mode="outlined"
        onChangeText={[Function]}
        right={
          <TextInput.Affix
            text="h"
          />
        }
        testID="text-input-available-training-hours"
        value="10"
      />
      <TextInput
        disabled={true}
        label="form.weight"
        mode="outlined"
        onChangeText={[Function]}
        right={
          <TextInput.Affix
            text="kg"
          />
        }
        testID="text-input-weight"
        value="70"
      />
      <TextInput
        disabled={true}
        label="form.height"
        mode="outlined"
        onChangeText={[Function]}
        right={
          <TextInput.Affix
            text="m"
          />
        }
        testID="text-input-height"
        value="1.8"
      />
      <TextInput
        disabled={true}
        label="form.imc"
        mode="outlined"
        right={
          <TextInput.Affix
            text="%"
          />
        }
        testID="text-input-bmi"
        value="21"
      />
      <View
        collapsable={false}
        style={
          {
            "backgroundColor": "white",
            "shadowColor": "#000",
            "shadowOffset": {
              "height": 1,
              "width": 0,
            },
            "shadowOpacity": 0.15,
            "shadowRadius": 3,
          }
        }
        testID="surface-outer-layer"
      >
        <View
          collapsable={false}
          style={
            {
              "backgroundColor": "white",
              "flex": undefined,
              "gap": 10,
              "padding": 10,
              "shadowColor": "#000",
              "shadowOffset": {
                "height": 1,
                "width": 0,
              },
              "shadowOpacity": 0.3,
              "shadowRadius": 1,
            }
          }
          testID="surface"
        >
          <Text
            style={
              [
                {
                  "textAlign": "left",
                },
                {
                  "color": "rgba(28, 27, 31, 1)",
                  "writingDirection": "ltr",
                },
                [
                  {
                    "fontFamily": "System",
                    "fontSize": 14,
                    "fontWeight": "500",
                    "letterSpacing": 0.1,
                    "lineHeight": 20,
                  },
                  {
                    "color": "rgba(28, 27, 31, 0.38)",
                  },
                ],
              ]
            }
          >
            form.limitations
          </Text>
          <View
            style={
              [
                {
                  "backgroundColor": "rgba(202, 196, 208, 1)",
                  "height": 0.5,
                },
                undefined,
                false,
                false,
                undefined,
              ]
            }
          />
          <Text
            style={
              [
                {
                  "textAlign": "left",
                },
                {
                  "color": "rgba(28, 27, 31, 1)",
                  "fontFamily": "System",
                  "fontWeight": "400",
                  "letterSpacing": 0,
                },
                {
                  "writingDirection": "ltr",
                },
                {
                  "color": "rgba(28, 27, 31, 0.38)",
                },
              ]
            }
          >
            form.limitation #1
          </Text>
          <View
            style={
              {
                "gap": 10,
                "paddingHorizontal": 10,
              }
            }
          >
            <TextInput
              disabled={true}
              label="form.limitationsLabels.name"
              mode="outlined"
              onChangeText={[Function]}
              testID="text-input-limitation-name"
              value="Knee injury"
            />
            <TextInput
              disabled={true}
              label="form.limitationsLabels.description"
              mode="outlined"
              onChangeText={[Function]}
              testID="text-input-limitation-description"
              value="Can't do high impact exercises"
            />
            <View
              collapsable={false}
              style={
                {
                  "backgroundColor": "transparent",
                  "borderRadius": 20,
                  "shadowColor": "#000",
                  "shadowOffset": {
                    "height": 0,
                    "width": 0,
                  },
                  "shadowOpacity": 0,
                  "shadowRadius": 0,
                }
              }
              testID="button-remove-limitation-container-outer-layer"
            >
              <View
                collapsable={false}
                style={
                  {
                    "backgroundColor": "transparent",
                    "borderColor": "transparent",
                    "borderRadius": 20,
                    "borderStyle": "solid",
                    "borderWidth": 0,
                    "flex": undefined,
                    "minWidth": 64,
                    "shadowColor": "#000",
                    "shadowOffset": {
                      "height": 0,
                      "width": 0,
                    },
                    "shadowOpacity": 0,
                    "shadowRadius": 0,
                  }
                }
                testID="button-remove-limitation-container"
              >
                <View
                  accessibilityRole="button"
                  accessibilityState={
                    {
                      "busy": undefined,
                      "checked": undefined,
                      "disabled": true,
                      "expanded": undefined,
                      "selected": undefined,
                    }
                  }
                  accessibilityValue={
                    {
                      "max": undefined,
                      "min": undefined,
                      "now": undefined,
                      "text": undefined,
                    }
                  }
                  accessible={true}
                  collapsable={false}
                  focusable={true}
                  onBlur={[Function]}
                  onClick={[Function]}
                  onFocus={[Function]}
                  onResponderGrant={[Function]}
                  onResponderMove={[Function]}
                  onResponderRelease={[Function]}
                  onResponderTerminate={[Function]}
                  onResponderTerminationRequest={[Function]}
                  onStartShouldSetResponder={[Function]}
                  style={
                    [
                      {
                        "overflow": "hidden",
                      },
                      {
                        "borderRadius": 20,
                      },
                    ]
                  }
                  testID="button-remove-limitation"
                >
                  <View
                    style={
                      [
                        {
                          "alignItems": "center",
                          "flexDirection": "row",
                          "justifyContent": "center",
                        },
                        undefined,
                      ]
                    }
                  >
                    <Text
                      numberOfLines={1}
                      selectable={false}
                      style={
                        [
                          {
                            "textAlign": "left",
                          },
                          {
                            "color": "rgba(28, 27, 31, 1)",
                            "writingDirection": "ltr",
                          },
                          [
                            {
                              "fontFamily": "System",
                              "fontSize": 14,
                              "fontWeight": "500",
                              "letterSpacing": 0.1,
                              "lineHeight": 20,
                            },
                            [
                              {
                                "marginHorizontal": 16,
                                "marginVertical": 9,
                                "textAlign": "center",
                              },
                              false,
                              {
                                "marginHorizontal": 12,
                              },
                              undefined,
                              false,
                              {
                                "color": "rgba(28, 27, 31, 0.38)",
                                "fontFamily": "System",
                                "fontSize": 14,
                                "fontWeight": "500",
                                "letterSpacing": 0.1,
                                "lineHeight": 20,
                              },
                              undefined,
                            ],
                          ],
                        ]
                      }
                      testID="button-remove-limitation-text"
                    >
                      form.limitationsLabels.remove #1
                    </Text>
                  </View>
                </View>
              </View>
            </View>
          </View>
          <Text
            style={
              [
                {
                  "textAlign": "left",
                },
                {
                  "color": "rgba(28, 27, 31, 1)",
                  "fontFamily": "System",
                  "fontWeight": "400",
                  "letterSpacing": 0,
                },
                {
                  "writingDirection": "ltr",
                },
                {
                  "color": "rgba(28, 27, 31, 0.38)",
                },
              ]
            }
          >
            form.limitation #2
          </Text>
          <View
            style={
              {
                "gap": 10,
                "paddingHorizontal": 10,
              }
            }
          >
            <TextInput
              disabled={true}
              label="form.limitationsLabels.name"
              mode="outlined"
              onChangeText={[Function]}
              testID="text-input-limitation-name"
              value="Back pain"
            />
            <TextInput
              disabled={true}
              label="form.limitationsLabels.description"
              mode="outlined"
              onChangeText={[Function]}
              testID="text-input-limitation-description"
              value="Can't do squats"
            />
            <View
              collapsable={false}
              style={
                {
                  "backgroundColor": "transparent",
                  "borderRadius": 20,
                  "shadowColor": "#000",
                  "shadowOffset": {
                    "height": 0,
                    "width": 0,
                  },
                  "shadowOpacity": 0,
                  "shadowRadius": 0,
                }
              }
              testID="button-remove-limitation-container-outer-layer"
            >
              <View
                collapsable={false}
                style={
                  {
                    "backgroundColor": "transparent",
                    "borderColor": "transparent",
                    "borderRadius": 20,
                    "borderStyle": "solid",
                    "borderWidth": 0,
                    "flex": undefined,
                    "minWidth": 64,
                    "shadowColor": "#000",
                    "shadowOffset": {
                      "height": 0,
                      "width": 0,
                    },
                    "shadowOpacity": 0,
                    "shadowRadius": 0,
                  }
                }
                testID="button-remove-limitation-container"
              >
                <View
                  accessibilityRole="button"
                  accessibilityState={
                    {
                      "busy": undefined,
                      "checked": undefined,
                      "disabled": true,
                      "expanded": undefined,
                      "selected": undefined,
                    }
                  }
                  accessibilityValue={
                    {
                      "max": undefined,
                      "min": undefined,
                      "now": undefined,
                      "text": undefined,
                    }
                  }
                  accessible={true}
                  collapsable={false}
                  focusable={true}
                  onBlur={[Function]}
                  onClick={[Function]}
                  onFocus={[Function]}
                  onResponderGrant={[Function]}
                  onResponderMove={[Function]}
                  onResponderRelease={[Function]}
                  onResponderTerminate={[Function]}
                  onResponderTerminationRequest={[Function]}
                  onStartShouldSetResponder={[Function]}
                  style={
                    [
                      {
                        "overflow": "hidden",
                      },
                      {
                        "borderRadius": 20,
                      },
                    ]
                  }
                  testID="button-remove-limitation"
                >
                  <View
                    style={
                      [
                        {
                          "alignItems": "center",
                          "flexDirection": "row",
                          "justifyContent": "center",
                        },
                        undefined,
                      ]
                    }
                  >
                    <Text
                      numberOfLines={1}
                      selectable={false}
                      style={
                        [
                          {
                            "textAlign": "left",
                          },
                          {
                            "color": "rgba(28, 27, 31, 1)",
                            "writingDirection": "ltr",
                          },
                          [
                            {
                              "fontFamily": "System",
                              "fontSize": 14,
                              "fontWeight": "500",
                              "letterSpacing": 0.1,
                              "lineHeight": 20,
                            },
                            [
                              {
                                "marginHorizontal": 16,
                                "marginVertical": 9,
                                "textAlign": "center",
                              },
                              false,
                              {
                                "marginHorizontal": 12,
                              },
                              undefined,
                              false,
                              {
                                "color": "rgba(28, 27, 31, 0.38)",
                                "fontFamily": "System",
                                "fontSize": 14,
                                "fontWeight": "500",
                                "letterSpacing": 0.1,
                                "lineHeight": 20,
                              },
                              undefined,
                            ],
                          ],
                        ]
                      }
                      testID="button-remove-limitation-text"
                    >
                      form.limitationsLabels.remove #2
                    </Text>
                  </View>
                </View>
              </View>
            </View>
          </View>
          <View
            style={
              [
                {
                  "backgroundColor": "rgba(202, 196, 208, 1)",
                  "height": 0.5,
                },
                undefined,
                false,
                false,
                undefined,
              ]
            }
          />
          <View
            collapsable={false}
            style={
              {
                "backgroundColor": "transparent",
                "borderRadius": 20,
                "shadowColor": "#000",
                "shadowOffset": {
                  "height": 0,
                  "width": 0,
                },
                "shadowOpacity": 0,
                "shadowRadius": 0,
              }
            }
            testID="button-add-limitation-container-outer-layer"
          >
            <View
              collapsable={false}
              style={
                {
                  "backgroundColor": "transparent",
                  "borderColor": "transparent",
                  "borderRadius": 20,
                  "borderStyle": "solid",
                  "borderWidth": 0,
                  "flex": undefined,
                  "minWidth": 64,
                  "shadowColor": "#000",
                  "shadowOffset": {
                    "height": 0,
                    "width": 0,
                  },
                  "shadowOpacity": 0,
                  "shadowRadius": 0,
                }
              }
              testID="button-add-limitation-container"
            >
              <View
                accessibilityRole="button"
                accessibilityState={
                  {
                    "busy": undefined,
                    "checked": undefined,
                    "disabled": true,
                    "expanded": undefined,
                    "selected": undefined,
                  }
                }
                accessibilityValue={
                  {
                    "max": undefined,
                    "min": undefined,
                    "now": undefined,
                    "text": undefined,
                  }
                }
                accessible={true}
                collapsable={false}
                focusable={true}
                onBlur={[Function]}
                onClick={[Function]}
                onFocus={[Function]}
                onResponderGrant={[Function]}
                onResponderMove={[Function]}
                onResponderRelease={[Function]}
                onResponderTerminate={[Function]}
                onResponderTerminationRequest={[Function]}
                onStartShouldSetResponder={[Function]}
                style={
                  [
                    {
                      "overflow": "hidden",
                    },
                    {
                      "borderRadius": 20,
                    },
                  ]
                }
                testID="button-add-limitation"
              >
                <View
                  style={
                    [
                      {
                        "alignItems": "center",
                        "flexDirection": "row",
                        "justifyContent": "center",
                      },
                      undefined,
                    ]
                  }
                >
                  <Text
                    numberOfLines={1}
                    selectable={false}
                    style={
                      [
                        {
                          "textAlign": "left",
                        },
                        {
                          "color": "rgba(28, 27, 31, 1)",
                          "writingDirection": "ltr",
                        },
                        [
                          {
                            "fontFamily": "System",
                            "fontSize": 14,
                            "fontWeight": "500",
                            "letterSpacing": 0.1,
                            "lineHeight": 20,
                          },
                          [
                            {
                              "marginHorizontal": 16,
                              "marginVertical": 9,
                              "textAlign": "center",
                            },
                            false,
                            {
                              "marginHorizontal": 12,
                            },
                            undefined,
                            false,
                            {
                              "color": "rgba(28, 27, 31, 0.38)",
                              "fontFamily": "System",
                              "fontSize": 14,
                              "fontWeight": "500",
                              "letterSpacing": 0.1,
                              "lineHeight": 20,
                            },
                            undefined,
                          ],
                        ],
                      ]
                    }
                    testID="button-add-limitation-text"
                  >
                    form.limitationsLabels.add
                  </Text>
                </View>
              </View>
            </View>
          </View>
        </View>
      </View>
      <View
        collapsable={false}
        style={
          {
            "backgroundColor": "rgba(103, 80, 164, 1)",
            "borderRadius": 5,
            "marginTop": 16,
            "shadowColor": "#000",
            "shadowOffset": {
              "height": 0,
              "width": 0,
            },
            "shadowOpacity": 0,
            "shadowRadius": 0,
          }
        }
        testID="button-container-outer-layer"
      >
        <View
          collapsable={false}
          style={
            {
              "backgroundColor": "rgba(103, 80, 164, 1)",
              "borderColor": "transparent",
              "borderRadius": 5,
              "borderStyle": "solid",
              "borderWidth": 0,
              "flex": undefined,
              "minWidth": 64,
              "shadowColor": "#000",
              "shadowOffset": {
                "height": 0,
                "width": 0,
              },
              "shadowOpacity": 0,
              "shadowRadius": 0,
            }
          }
          testID="button-container"
        >
          <View
            accessibilityRole="button"
            accessibilityState={
              {
                "busy": undefined,
                "checked": undefined,
                "disabled": false,
                "expanded": undefined,
                "selected": undefined,
              }
            }
            accessibilityValue={
              {
                "max": undefined,
                "min": undefined,
                "now": undefined,
                "text": undefined,
              }
            }
            accessible={true}
            collapsable={false}
            focusable={true}
            onBlur={[Function]}
            onClick={[Function]}
            onFocus={[Function]}
            onResponderGrant={[Function]}
            onResponderMove={[Function]}
            onResponderRelease={[Function]}
            onResponderTerminate={[Function]}
            onResponderTerminationRequest={[Function]}
            onStartShouldSetResponder={[Function]}
            style={
              [
                {
                  "overflow": "hidden",
                },
                {
                  "borderRadius": 5,
                },
              ]
            }
            testID="button"
          >
            <View
              style={
                [
                  {
                    "alignItems": "center",
                    "flexDirection": "row",
                    "justifyContent": "center",
                  },
                  undefined,
                ]
              }
            >
              <Text
                numberOfLines={1}
                selectable={false}
                style={
                  [
                    {
                      "textAlign": "left",
                    },
                    {
                      "color": "rgba(28, 27, 31, 1)",
                      "writingDirection": "ltr",
                    },
                    [
                      {
                        "fontFamily": "System",
                        "fontSize": 14,
                        "fontWeight": "500",
                        "letterSpacing": 0.1,
                        "lineHeight": 20,
                      },
                      [
                        {
                          "marginHorizontal": 16,
                          "marginVertical": 9,
                          "textAlign": "center",
                        },
                        false,
                        {
                          "marginHorizontal": 24,
                          "marginVertical": 10,
                        },
                        undefined,
                        false,
                        {
                          "color": "rgba(255, 255, 255, 1)",
                          "fontFamily": "System",
                          "fontSize": 14,
                          "fontWeight": "500",
                          "letterSpacing": 0.1,
                          "lineHeight": 20,
                        },
                        undefined,
                      ],
                    ],
                  ]
                }
                testID="button-text"
              >
                personalDataForm.edit
              </Text>
            </View>
          </View>
        </View>
      </View>
    </View>
  </View>
</RCTScrollView>
`;
