// Jest Snapshot v1, https://goo.gl/fbAQLP

exports[`ConfigPage should render 1`] = `
<div>
  <div
    class="container-layout config MuiBox-root css-1xhj18k"
  >
    <div
      class="navbar  MuiBox-root css-2uchni"
    >
      <header
        class="MuiPaper-root MuiPaper-elevation MuiPaper-elevation0 MuiAppBar-root MuiAppBar-colorPrimary MuiAppBar-positionRelative navbar-content css-1kby834-MuiPaper-root-MuiAppBar-root"
      >
        <div
          class="MuiBottomNavigation-root navbar-content-navigation css-16lloyr-MuiBottomNavigation-root"
        >
          <button
            class="MuiButtonBase-root MuiBottomNavigationAction-root navbar-content-navigation-button navbar-content-navigation-button__start css-1bjk3jo-MuiButtonBase-root-MuiBottomNavigationAction-root"
            tabindex="0"
            type="button"
          >
            <svg
              aria-hidden="true"
              class="MuiSvgIcon-root MuiSvgIcon-fontSizeMedium css-i4bv87-MuiSvgIcon-root"
              data-testid="PersonIcon"
              focusable="false"
              viewBox="0 0 24 24"
            >
              <path
                d="M12 12c2.21 0 4-1.79 4-4s-1.79-4-4-4-4 1.79-4 4 1.79 4 4 4m0 2c-2.67 0-8 1.34-8 4v2h16v-2c0-2.66-5.33-4-8-4"
              />
            </svg>
            <span
              class="MuiBottomNavigationAction-label css-imwso6-MuiBottomNavigationAction-label"
            >
              navbar.profile
            </span>
            <span
              class="MuiTouchRipple-root css-8je8zh-MuiTouchRipple-root"
            />
          </button>
          <button
            class="MuiButtonBase-root MuiBottomNavigationAction-root navbar-content-navigation-button css-1bjk3jo-MuiButtonBase-root-MuiBottomNavigationAction-root"
            tabindex="0"
            type="button"
          >
            <svg
              aria-hidden="true"
              class="MuiSvgIcon-root MuiSvgIcon-fontSizeMedium css-i4bv87-MuiSvgIcon-root"
              data-testid="FavoriteIcon"
              focusable="false"
              viewBox="0 0 24 24"
            >
              <path
                d="m12 21.35-1.45-1.32C5.4 15.36 2 12.28 2 8.5 2 5.42 4.42 3 7.5 3c1.74 0 3.41.81 4.5 2.09C13.09 3.81 14.76 3 16.5 3 19.58 3 22 5.42 22 8.5c0 3.78-3.4 6.86-8.55 11.54z"
              />
            </svg>
            <span
              class="MuiBottomNavigationAction-label css-imwso6-MuiBottomNavigationAction-label"
            >
              navbar.training
            </span>
            <span
              class="MuiTouchRipple-root css-8je8zh-MuiTouchRipple-root"
            />
          </button>
          <button
            class="MuiButtonBase-root MuiBottomNavigationAction-root navbar-content-navigation-button css-1bjk3jo-MuiButtonBase-root-MuiBottomNavigationAction-root"
            tabindex="0"
            type="button"
          >
            <svg
              aria-hidden="true"
              class="MuiSvgIcon-root MuiSvgIcon-fontSizeMedium css-i4bv87-MuiSvgIcon-root"
              data-testid="ShoppingCartIcon"
              focusable="false"
              viewBox="0 0 24 24"
            >
              <path
                d="M7 18c-1.1 0-1.99.9-1.99 2S5.9 22 7 22s2-.9 2-2-.9-2-2-2M1 2v2h2l3.6 7.59-1.35 2.45c-.16.28-.25.61-.25.96 0 1.1.9 2 2 2h12v-2H7.42c-.14 0-.25-.11-.25-.25l.03-.12.9-1.63h7.45c.75 0 1.41-.41 1.75-1.03l3.58-6.49c.08-.14.12-.31.12-.48 0-.55-.45-1-1-1H5.21l-.94-2zm16 16c-1.1 0-1.99.9-1.99 2s.89 2 1.99 2 2-.9 2-2-.9-2-2-2"
              />
            </svg>
            <span
              class="MuiBottomNavigationAction-label css-imwso6-MuiBottomNavigationAction-label"
            >
              navbar.otherServices
            </span>
            <span
              class="MuiTouchRipple-root css-8je8zh-MuiTouchRipple-root"
            />
          </button>
          <button
            class="MuiButtonBase-root MuiBottomNavigationAction-root navbar-content-navigation-button false css-1bjk3jo-MuiButtonBase-root-MuiBottomNavigationAction-root"
            tabindex="0"
            type="button"
          >
            <svg
              aria-hidden="true"
              class="MuiSvgIcon-root MuiSvgIcon-fontSizeMedium css-i4bv87-MuiSvgIcon-root"
              data-testid="StarIcon"
              focusable="false"
              viewBox="0 0 24 24"
            >
              <path
                d="M12 17.27 18.18 21l-1.64-7.03L22 9.24l-7.19-.61L12 2 9.19 8.63 2 9.24l5.46 4.73L5.82 21z"
              />
            </svg>
            <span
              class="MuiBottomNavigationAction-label css-imwso6-MuiBottomNavigationAction-label"
            >
              navbar.preferential
            </span>
            <span
              class="MuiTouchRipple-root css-8je8zh-MuiTouchRipple-root"
            />
          </button>
          <button
            class="MuiButtonBase-root MuiBottomNavigationAction-root navbar-content-navigation-button navbar-content-navigation-button__end css-1bjk3jo-MuiButtonBase-root-MuiBottomNavigationAction-root"
            tabindex="0"
            type="button"
          >
            <svg
              aria-hidden="true"
              class="MuiSvgIcon-root MuiSvgIcon-fontSizeMedium css-i4bv87-MuiSvgIcon-root"
              data-testid="SettingsIcon"
              focusable="false"
              viewBox="0 0 24 24"
            >
              <path
                d="M19.14 12.94c.04-.3.06-.61.06-.94 0-.32-.02-.64-.07-.94l2.03-1.58c.18-.14.23-.41.12-.61l-1.92-3.32c-.12-.22-.37-.29-.59-.22l-2.39.96c-.5-.38-1.03-.7-1.62-.94l-.36-2.54c-.04-.24-.24-.41-.48-.41h-3.84c-.24 0-.43.17-.47.41l-.36 2.54c-.59.24-1.13.57-1.62.94l-2.39-.96c-.22-.08-.47 0-.59.22L2.74 8.87c-.12.21-.08.47.12.61l2.03 1.58c-.05.3-.09.63-.09.94s.02.64.07.94l-2.03 1.58c-.18.14-.23.41-.12.61l1.92 3.32c.12.22.37.29.59.22l2.39-.96c.5.38 1.03.7 1.62.94l.36 2.54c.05.24.24.41.48.41h3.84c.24 0 .44-.17.47-.41l.36-2.54c.59-.24 1.13-.56 1.62-.94l2.39.96c.22.08.47 0 .59-.22l1.92-3.32c.12-.22.07-.47-.12-.61zM12 15.6c-1.98 0-3.6-1.62-3.6-3.6s1.62-3.6 3.6-3.6 3.6 1.62 3.6 3.6-1.62 3.6-3.6 3.6"
              />
            </svg>
            <span
              class="MuiBottomNavigationAction-label css-imwso6-MuiBottomNavigationAction-label"
            >
              navbar.settings
            </span>
            <span
              class="MuiTouchRipple-root css-8je8zh-MuiTouchRipple-root"
            />
          </button>
        </div>
      </header>
    </div>
    <div
      class="MuiPaper-root MuiPaper-elevation MuiPaper-rounded MuiPaper-elevation1 container-layout-main-section container-layout-main-section__full css-1ps6pg7-MuiPaper-root"
    >
      <section
        class="config-section"
      >
        <h3
          class="MuiTypography-root MuiTypography-h3 config-title css-gepadz-MuiTypography-root"
        >
          config.title
        </h3>
        <div
          class="config-menu  MuiBox-root css-0"
        >
          <div
            class="MuiPaper-root MuiPaper-outlined MuiPaper-rounded config-menu-section config-menu-section__main css-172kgz0-MuiPaper-root"
          >
            <ul
              class="MuiList-root MuiList-padding config-menu-section-container css-h4y409-MuiList-root"
            >
              <li
                class="MuiListItem-root MuiListItem-gutters css-1nxmd3h-MuiListItem-root"
              >
                <div
                  class="MuiButtonBase-root MuiListItemButton-root MuiListItemButton-gutters MuiListItemButton-root MuiListItemButton-gutters config-menu-item css-16ac5r2-MuiButtonBase-root-MuiListItemButton-root"
                  role="button"
                  tabindex="0"
                >
                  <div
                    class="MuiListItemIcon-root css-cveggr-MuiListItemIcon-root"
                  >
                    <svg
                      aria-hidden="true"
                      class="MuiSvgIcon-root MuiSvgIcon-fontSizeMedium css-i4bv87-MuiSvgIcon-root"
                      data-testid="TranslateIcon"
                      focusable="false"
                      viewBox="0 0 24 24"
                    >
                      <path
                        d="m12.87 15.07-2.54-2.51.03-.03c1.74-1.94 2.98-4.17 3.71-6.53H17V4h-7V2H8v2H1v1.99h11.17C11.5 7.92 10.44 9.75 9 11.35 8.07 10.32 7.3 9.19 6.69 8h-2c.73 1.63 1.73 3.17 2.98 4.56l-5.09 5.02L4 19l5-5 3.11 3.11zM18.5 10h-2L12 22h2l1.12-3h4.75L21 22h2zm-2.62 7 1.62-4.33L19.12 17z"
                      />
                    </svg>
                  </div>
                  <div
                    class="MuiListItemText-root css-tlelie-MuiListItemText-root"
                  >
                    <span
                      class="MuiTypography-root MuiTypography-body1 MuiListItemText-primary css-10hburv-MuiTypography-root"
                    >
                      config.menu.language
                    </span>
                  </div>
                  <svg
                    aria-hidden="true"
                    class="MuiSvgIcon-root MuiSvgIcon-colorAction MuiSvgIcon-fontSizeMedium css-11pbyhm-MuiSvgIcon-root"
                    data-testid="ChevronRightIcon"
                    focusable="false"
                    viewBox="0 0 24 24"
                  >
                    <path
                      d="M10 6 8.59 7.41 13.17 12l-4.58 4.59L10 18l6-6z"
                    />
                  </svg>
                  <span
                    class="MuiTouchRipple-root css-8je8zh-MuiTouchRipple-root"
                  />
                </div>
              </li>
            </ul>
          </div>
          <div
            class="MuiPaper-root MuiPaper-outlined MuiPaper-rounded config-menu-section config-menu-section__secondary css-172kgz0-MuiPaper-root"
          >
            <ul
              class="MuiList-root MuiList-padding config-menu-section-container css-h4y409-MuiList-root"
            >
              <li
                class="MuiListItem-root MuiListItem-gutters css-1nxmd3h-MuiListItem-root"
              >
                <div
                  class="MuiButtonBase-root MuiListItemButton-root MuiListItemButton-gutters MuiListItemButton-root MuiListItemButton-gutters config-menu-item css-16ac5r2-MuiButtonBase-root-MuiListItemButton-root"
                  role="button"
                  tabindex="1"
                >
                  <div
                    class="MuiListItemIcon-root css-cveggr-MuiListItemIcon-root"
                  >
                    <svg
                      aria-hidden="true"
                      class="MuiSvgIcon-root MuiSvgIcon-fontSizeMedium css-i4bv87-MuiSvgIcon-root"
                      data-testid="LogoutIcon"
                      focusable="false"
                      viewBox="0 0 24 24"
                    >
                      <path
                        d="m17 7-1.41 1.41L18.17 11H8v2h10.17l-2.58 2.58L17 17l5-5zM4 5h8V3H4c-1.1 0-2 .9-2 2v14c0 1.1.9 2 2 2h8v-2H4z"
                      />
                    </svg>
                  </div>
                  <div
                    class="MuiListItemText-root css-tlelie-MuiListItemText-root"
                  >
                    <span
                      class="MuiTypography-root MuiTypography-body1 MuiListItemText-primary css-10hburv-MuiTypography-root"
                    >
                      config.menu.logout
                    </span>
                  </div>
                  <svg
                    aria-hidden="true"
                    class="MuiSvgIcon-root MuiSvgIcon-colorAction MuiSvgIcon-fontSizeMedium css-11pbyhm-MuiSvgIcon-root"
                    data-testid="ChevronRightIcon"
                    focusable="false"
                    viewBox="0 0 24 24"
                  >
                    <path
                      d="M10 6 8.59 7.41 13.17 12l-4.58 4.59L10 18l6-6z"
                    />
                  </svg>
                  <span
                    class="MuiTouchRipple-root css-8je8zh-MuiTouchRipple-root"
                  />
                </div>
              </li>
            </ul>
          </div>
        </div>
      </section>
    </div>
    <div
      class="MuiPaper-root MuiPaper-elevation MuiPaper-rounded MuiPaper-elevation1 container-layout-secondary-section  css-1ps6pg7-MuiPaper-root"
    />
  </div>
</div>
`;

exports[`ConfigPage should render component 1`] = `
<div>
  <div
    class="container-layout config MuiBox-root css-1xhj18k"
  >
    <div
      class="navbar  MuiBox-root css-2uchni"
    >
      <header
        class="MuiPaper-root MuiPaper-elevation MuiPaper-elevation0 MuiAppBar-root MuiAppBar-colorPrimary MuiAppBar-positionRelative navbar-content css-1kby834-MuiPaper-root-MuiAppBar-root"
      >
        <div
          class="MuiBottomNavigation-root navbar-content-navigation css-16lloyr-MuiBottomNavigation-root"
        >
          <button
            class="MuiButtonBase-root MuiBottomNavigationAction-root navbar-content-navigation-button navbar-content-navigation-button__start css-1bjk3jo-MuiButtonBase-root-MuiBottomNavigationAction-root"
            tabindex="0"
            type="button"
          >
            <svg
              aria-hidden="true"
              class="MuiSvgIcon-root MuiSvgIcon-fontSizeMedium css-i4bv87-MuiSvgIcon-root"
              data-testid="PersonIcon"
              focusable="false"
              viewBox="0 0 24 24"
            >
              <path
                d="M12 12c2.21 0 4-1.79 4-4s-1.79-4-4-4-4 1.79-4 4 1.79 4 4 4m0 2c-2.67 0-8 1.34-8 4v2h16v-2c0-2.66-5.33-4-8-4"
              />
            </svg>
            <span
              class="MuiBottomNavigationAction-label css-imwso6-MuiBottomNavigationAction-label"
            >
              navbar.profile
            </span>
            <span
              class="MuiTouchRipple-root css-8je8zh-MuiTouchRipple-root"
            />
          </button>
          <button
            class="MuiButtonBase-root MuiBottomNavigationAction-root navbar-content-navigation-button css-1bjk3jo-MuiButtonBase-root-MuiBottomNavigationAction-root"
            tabindex="0"
            type="button"
          >
            <svg
              aria-hidden="true"
              class="MuiSvgIcon-root MuiSvgIcon-fontSizeMedium css-i4bv87-MuiSvgIcon-root"
              data-testid="FavoriteIcon"
              focusable="false"
              viewBox="0 0 24 24"
            >
              <path
                d="m12 21.35-1.45-1.32C5.4 15.36 2 12.28 2 8.5 2 5.42 4.42 3 7.5 3c1.74 0 3.41.81 4.5 2.09C13.09 3.81 14.76 3 16.5 3 19.58 3 22 5.42 22 8.5c0 3.78-3.4 6.86-8.55 11.54z"
              />
            </svg>
            <span
              class="MuiBottomNavigationAction-label css-imwso6-MuiBottomNavigationAction-label"
            >
              navbar.training
            </span>
            <span
              class="MuiTouchRipple-root css-8je8zh-MuiTouchRipple-root"
            />
          </button>
          <button
            class="MuiButtonBase-root MuiBottomNavigationAction-root navbar-content-navigation-button css-1bjk3jo-MuiButtonBase-root-MuiBottomNavigationAction-root"
            tabindex="0"
            type="button"
          >
            <svg
              aria-hidden="true"
              class="MuiSvgIcon-root MuiSvgIcon-fontSizeMedium css-i4bv87-MuiSvgIcon-root"
              data-testid="ShoppingCartIcon"
              focusable="false"
              viewBox="0 0 24 24"
            >
              <path
                d="M7 18c-1.1 0-1.99.9-1.99 2S5.9 22 7 22s2-.9 2-2-.9-2-2-2M1 2v2h2l3.6 7.59-1.35 2.45c-.16.28-.25.61-.25.96 0 1.1.9 2 2 2h12v-2H7.42c-.14 0-.25-.11-.25-.25l.03-.12.9-1.63h7.45c.75 0 1.41-.41 1.75-1.03l3.58-6.49c.08-.14.12-.31.12-.48 0-.55-.45-1-1-1H5.21l-.94-2zm16 16c-1.1 0-1.99.9-1.99 2s.89 2 1.99 2 2-.9 2-2-.9-2-2-2"
              />
            </svg>
            <span
              class="MuiBottomNavigationAction-label css-imwso6-MuiBottomNavigationAction-label"
            >
              navbar.otherServices
            </span>
            <span
              class="MuiTouchRipple-root css-8je8zh-MuiTouchRipple-root"
            />
          </button>
          <button
            class="MuiButtonBase-root MuiBottomNavigationAction-root navbar-content-navigation-button false css-1bjk3jo-MuiButtonBase-root-MuiBottomNavigationAction-root"
            tabindex="0"
            type="button"
          >
            <svg
              aria-hidden="true"
              class="MuiSvgIcon-root MuiSvgIcon-fontSizeMedium css-i4bv87-MuiSvgIcon-root"
              data-testid="StarIcon"
              focusable="false"
              viewBox="0 0 24 24"
            >
              <path
                d="M12 17.27 18.18 21l-1.64-7.03L22 9.24l-7.19-.61L12 2 9.19 8.63 2 9.24l5.46 4.73L5.82 21z"
              />
            </svg>
            <span
              class="MuiBottomNavigationAction-label css-imwso6-MuiBottomNavigationAction-label"
            >
              navbar.preferential
            </span>
            <span
              class="MuiTouchRipple-root css-8je8zh-MuiTouchRipple-root"
            />
          </button>
          <button
            class="MuiButtonBase-root MuiBottomNavigationAction-root navbar-content-navigation-button navbar-content-navigation-button__end css-1bjk3jo-MuiButtonBase-root-MuiBottomNavigationAction-root"
            tabindex="0"
            type="button"
          >
            <svg
              aria-hidden="true"
              class="MuiSvgIcon-root MuiSvgIcon-fontSizeMedium css-i4bv87-MuiSvgIcon-root"
              data-testid="SettingsIcon"
              focusable="false"
              viewBox="0 0 24 24"
            >
              <path
                d="M19.14 12.94c.04-.3.06-.61.06-.94 0-.32-.02-.64-.07-.94l2.03-1.58c.18-.14.23-.41.12-.61l-1.92-3.32c-.12-.22-.37-.29-.59-.22l-2.39.96c-.5-.38-1.03-.7-1.62-.94l-.36-2.54c-.04-.24-.24-.41-.48-.41h-3.84c-.24 0-.43.17-.47.41l-.36 2.54c-.59.24-1.13.57-1.62.94l-2.39-.96c-.22-.08-.47 0-.59.22L2.74 8.87c-.12.21-.08.47.12.61l2.03 1.58c-.05.3-.09.63-.09.94s.02.64.07.94l-2.03 1.58c-.18.14-.23.41-.12.61l1.92 3.32c.12.22.37.29.59.22l2.39-.96c.5.38 1.03.7 1.62.94l.36 2.54c.05.24.24.41.48.41h3.84c.24 0 .44-.17.47-.41l.36-2.54c.59-.24 1.13-.56 1.62-.94l2.39.96c.22.08.47 0 .59-.22l1.92-3.32c.12-.22.07-.47-.12-.61zM12 15.6c-1.98 0-3.6-1.62-3.6-3.6s1.62-3.6 3.6-3.6 3.6 1.62 3.6 3.6-1.62 3.6-3.6 3.6"
              />
            </svg>
            <span
              class="MuiBottomNavigationAction-label css-imwso6-MuiBottomNavigationAction-label"
            >
              navbar.settings
            </span>
            <span
              class="MuiTouchRipple-root css-8je8zh-MuiTouchRipple-root"
            />
          </button>
        </div>
      </header>
    </div>
    <div
      class="MuiPaper-root MuiPaper-elevation MuiPaper-rounded MuiPaper-elevation1 container-layout-main-section container-layout-main-section__full css-1ps6pg7-MuiPaper-root"
    >
      <section
        class="config-section"
      >
        <h3
          class="MuiTypography-root MuiTypography-h3 config-title css-gepadz-MuiTypography-root"
        >
          config.title
        </h3>
        <div
          class="config-menu  MuiBox-root css-0"
        >
          <div
            class="MuiPaper-root MuiPaper-outlined MuiPaper-rounded config-menu-section config-menu-section__main css-172kgz0-MuiPaper-root"
          >
            <ul
              class="MuiList-root MuiList-padding config-menu-section-container css-h4y409-MuiList-root"
            >
              <li
                class="MuiListItem-root MuiListItem-gutters css-1nxmd3h-MuiListItem-root"
              >
                <div
                  class="MuiButtonBase-root MuiListItemButton-root MuiListItemButton-gutters MuiListItemButton-root MuiListItemButton-gutters config-menu-item css-16ac5r2-MuiButtonBase-root-MuiListItemButton-root"
                  role="button"
                  tabindex="0"
                >
                  <div
                    class="MuiListItemIcon-root css-cveggr-MuiListItemIcon-root"
                  >
                    <svg
                      aria-hidden="true"
                      class="MuiSvgIcon-root MuiSvgIcon-fontSizeMedium css-i4bv87-MuiSvgIcon-root"
                      data-testid="TranslateIcon"
                      focusable="false"
                      viewBox="0 0 24 24"
                    >
                      <path
                        d="m12.87 15.07-2.54-2.51.03-.03c1.74-1.94 2.98-4.17 3.71-6.53H17V4h-7V2H8v2H1v1.99h11.17C11.5 7.92 10.44 9.75 9 11.35 8.07 10.32 7.3 9.19 6.69 8h-2c.73 1.63 1.73 3.17 2.98 4.56l-5.09 5.02L4 19l5-5 3.11 3.11zM18.5 10h-2L12 22h2l1.12-3h4.75L21 22h2zm-2.62 7 1.62-4.33L19.12 17z"
                      />
                    </svg>
                  </div>
                  <div
                    class="MuiListItemText-root css-tlelie-MuiListItemText-root"
                  >
                    <span
                      class="MuiTypography-root MuiTypography-body1 MuiListItemText-primary css-10hburv-MuiTypography-root"
                    >
                      config.menu.language
                    </span>
                  </div>
                  <svg
                    aria-hidden="true"
                    class="MuiSvgIcon-root MuiSvgIcon-colorAction MuiSvgIcon-fontSizeMedium css-11pbyhm-MuiSvgIcon-root"
                    data-testid="ChevronRightIcon"
                    focusable="false"
                    viewBox="0 0 24 24"
                  >
                    <path
                      d="M10 6 8.59 7.41 13.17 12l-4.58 4.59L10 18l6-6z"
                    />
                  </svg>
                  <span
                    class="MuiTouchRipple-root css-8je8zh-MuiTouchRipple-root"
                  />
                </div>
              </li>
            </ul>
          </div>
          <div
            class="MuiPaper-root MuiPaper-outlined MuiPaper-rounded config-menu-section config-menu-section__secondary css-172kgz0-MuiPaper-root"
          >
            <ul
              class="MuiList-root MuiList-padding config-menu-section-container css-h4y409-MuiList-root"
            >
              <li
                class="MuiListItem-root MuiListItem-gutters css-1nxmd3h-MuiListItem-root"
              >
                <div
                  class="MuiButtonBase-root MuiListItemButton-root MuiListItemButton-gutters MuiListItemButton-root MuiListItemButton-gutters config-menu-item css-16ac5r2-MuiButtonBase-root-MuiListItemButton-root"
                  role="button"
                  tabindex="1"
                >
                  <div
                    class="MuiListItemIcon-root css-cveggr-MuiListItemIcon-root"
                  >
                    <svg
                      aria-hidden="true"
                      class="MuiSvgIcon-root MuiSvgIcon-fontSizeMedium css-i4bv87-MuiSvgIcon-root"
                      data-testid="LogoutIcon"
                      focusable="false"
                      viewBox="0 0 24 24"
                    >
                      <path
                        d="m17 7-1.41 1.41L18.17 11H8v2h10.17l-2.58 2.58L17 17l5-5zM4 5h8V3H4c-1.1 0-2 .9-2 2v14c0 1.1.9 2 2 2h8v-2H4z"
                      />
                    </svg>
                  </div>
                  <div
                    class="MuiListItemText-root css-tlelie-MuiListItemText-root"
                  >
                    <span
                      class="MuiTypography-root MuiTypography-body1 MuiListItemText-primary css-10hburv-MuiTypography-root"
                    >
                      config.menu.logout
                    </span>
                  </div>
                  <svg
                    aria-hidden="true"
                    class="MuiSvgIcon-root MuiSvgIcon-colorAction MuiSvgIcon-fontSizeMedium css-11pbyhm-MuiSvgIcon-root"
                    data-testid="ChevronRightIcon"
                    focusable="false"
                    viewBox="0 0 24 24"
                  >
                    <path
                      d="M10 6 8.59 7.41 13.17 12l-4.58 4.59L10 18l6-6z"
                    />
                  </svg>
                  <span
                    class="MuiTouchRipple-root css-8je8zh-MuiTouchRipple-root"
                  />
                </div>
              </li>
            </ul>
          </div>
        </div>
      </section>
    </div>
    <div
      class="MuiPaper-root MuiPaper-elevation MuiPaper-rounded MuiPaper-elevation1 container-layout-secondary-section  css-1ps6pg7-MuiPaper-root"
    />
  </div>
</div>
`;
