// Jest Snapshot v1, https://goo.gl/fbAQLP

exports[`TrainingPage should render the component 1`] = `
{
  "asFragment": [Function],
  "baseElement": <body>
    <div>
      <div
        class="container-layout training MuiBox-root css-1xhj18k"
      >
        <div
          class="navbar  MuiBox-root css-2uchni"
        >
          <header
            class="MuiPaper-root MuiPaper-elevation MuiPaper-elevation0 MuiAppBar-root MuiAppBar-colorPrimary MuiAppBar-positionRelative navbar-content css-1kby834-MuiPaper-root-MuiAppBar-root"
          >
            <div
              class="MuiBottomNavigation-root navbar-content-navigation css-16lloyr-MuiBottomNavigation-root"
            >
              <button
                class="MuiButtonBase-root MuiBottomNavigationAction-root navbar-content-navigation-button navbar-content-navigation-button__start css-1bjk3jo-MuiButtonBase-root-MuiBottomNavigationAction-root"
                tabindex="0"
                type="button"
              >
                <svg
                  aria-hidden="true"
                  class="MuiSvgIcon-root MuiSvgIcon-fontSizeMedium css-i4bv87-MuiSvgIcon-root"
                  data-testid="PersonIcon"
                  focusable="false"
                  viewBox="0 0 24 24"
                >
                  <path
                    d="M12 12c2.21 0 4-1.79 4-4s-1.79-4-4-4-4 1.79-4 4 1.79 4 4 4m0 2c-2.67 0-8 1.34-8 4v2h16v-2c0-2.66-5.33-4-8-4"
                  />
                </svg>
                <span
                  class="MuiBottomNavigationAction-label css-imwso6-MuiBottomNavigationAction-label"
                >
                  navbar.profile
                </span>
                <span
                  class="MuiTouchRipple-root css-8je8zh-MuiTouchRipple-root"
                />
              </button>
              <button
                class="MuiButtonBase-root MuiBottomNavigationAction-root Mui-selected navbar-content-navigation-button css-1bjk3jo-MuiButtonBase-root-MuiBottomNavigationAction-root"
                tabindex="0"
                type="button"
              >
                <svg
                  aria-hidden="true"
                  class="MuiSvgIcon-root MuiSvgIcon-fontSizeMedium css-i4bv87-MuiSvgIcon-root"
                  data-testid="FavoriteIcon"
                  focusable="false"
                  viewBox="0 0 24 24"
                >
                  <path
                    d="m12 21.35-1.45-1.32C5.4 15.36 2 12.28 2 8.5 2 5.42 4.42 3 7.5 3c1.74 0 3.41.81 4.5 2.09C13.09 3.81 14.76 3 16.5 3 19.58 3 22 5.42 22 8.5c0 3.78-3.4 6.86-8.55 11.54z"
                  />
                </svg>
                <span
                  class="MuiBottomNavigationAction-label Mui-selected css-imwso6-MuiBottomNavigationAction-label"
                >
                  navbar.training
                </span>
                <span
                  class="MuiTouchRipple-root css-8je8zh-MuiTouchRipple-root"
                />
              </button>
              <button
                class="MuiButtonBase-root MuiBottomNavigationAction-root navbar-content-navigation-button css-1bjk3jo-MuiButtonBase-root-MuiBottomNavigationAction-root"
                tabindex="0"
                type="button"
              >
                <svg
                  aria-hidden="true"
                  class="MuiSvgIcon-root MuiSvgIcon-fontSizeMedium css-i4bv87-MuiSvgIcon-root"
                  data-testid="ShoppingCartIcon"
                  focusable="false"
                  viewBox="0 0 24 24"
                >
                  <path
                    d="M7 18c-1.1 0-1.99.9-1.99 2S5.9 22 7 22s2-.9 2-2-.9-2-2-2M1 2v2h2l3.6 7.59-1.35 2.45c-.16.28-.25.61-.25.96 0 1.1.9 2 2 2h12v-2H7.42c-.14 0-.25-.11-.25-.25l.03-.12.9-1.63h7.45c.75 0 1.41-.41 1.75-1.03l3.58-6.49c.08-.14.12-.31.12-.48 0-.55-.45-1-1-1H5.21l-.94-2zm16 16c-1.1 0-1.99.9-1.99 2s.89 2 1.99 2 2-.9 2-2-.9-2-2-2"
                  />
                </svg>
                <span
                  class="MuiBottomNavigationAction-label css-imwso6-MuiBottomNavigationAction-label"
                >
                  navbar.otherServices
                </span>
                <span
                  class="MuiTouchRipple-root css-8je8zh-MuiTouchRipple-root"
                />
              </button>
              <button
                class="MuiButtonBase-root Mui-disabled MuiBottomNavigationAction-root navbar-content-navigation-button navbar-content-navigation-button__disabled css-1bjk3jo-MuiButtonBase-root-MuiBottomNavigationAction-root"
                disabled=""
                tabindex="-1"
                type="button"
              >
                <svg
                  aria-hidden="true"
                  class="MuiSvgIcon-root MuiSvgIcon-fontSizeMedium css-i4bv87-MuiSvgIcon-root"
                  data-testid="StarIcon"
                  focusable="false"
                  viewBox="0 0 24 24"
                >
                  <path
                    d="M12 17.27 18.18 21l-1.64-7.03L22 9.24l-7.19-.61L12 2 9.19 8.63 2 9.24l5.46 4.73L5.82 21z"
                  />
                </svg>
                <span
                  class="MuiBottomNavigationAction-label css-imwso6-MuiBottomNavigationAction-label"
                >
                  navbar.preferential
                </span>
              </button>
              <button
                class="MuiButtonBase-root MuiBottomNavigationAction-root navbar-content-navigation-button navbar-content-navigation-button__end css-1bjk3jo-MuiButtonBase-root-MuiBottomNavigationAction-root"
                tabindex="0"
                type="button"
              >
                <svg
                  aria-hidden="true"
                  class="MuiSvgIcon-root MuiSvgIcon-fontSizeMedium css-i4bv87-MuiSvgIcon-root"
                  data-testid="SettingsIcon"
                  focusable="false"
                  viewBox="0 0 24 24"
                >
                  <path
                    d="M19.14 12.94c.04-.3.06-.61.06-.94 0-.32-.02-.64-.07-.94l2.03-1.58c.18-.14.23-.41.12-.61l-1.92-3.32c-.12-.22-.37-.29-.59-.22l-2.39.96c-.5-.38-1.03-.7-1.62-.94l-.36-2.54c-.04-.24-.24-.41-.48-.41h-3.84c-.24 0-.43.17-.47.41l-.36 2.54c-.59.24-1.13.57-1.62.94l-2.39-.96c-.22-.08-.47 0-.59.22L2.74 8.87c-.12.21-.08.47.12.61l2.03 1.58c-.05.3-.09.63-.09.94s.02.64.07.94l-2.03 1.58c-.18.14-.23.41-.12.61l1.92 3.32c.12.22.37.29.59.22l2.39-.96c.5.38 1.03.7 1.62.94l.36 2.54c.05.24.24.41.48.41h3.84c.24 0 .44-.17.47-.41l.36-2.54c.59-.24 1.13-.56 1.62-.94l2.39.96c.22.08.47 0 .59-.22l1.92-3.32c.12-.22.07-.47-.12-.61zM12 15.6c-1.98 0-3.6-1.62-3.6-3.6s1.62-3.6 3.6-3.6 3.6 1.62 3.6 3.6-1.62 3.6-3.6 3.6"
                  />
                </svg>
                <span
                  class="MuiBottomNavigationAction-label css-imwso6-MuiBottomNavigationAction-label"
                >
                  navbar.settings
                </span>
                <span
                  class="MuiTouchRipple-root css-8je8zh-MuiTouchRipple-root"
                />
              </button>
            </div>
          </header>
        </div>
        <div
          class="MuiPaper-root MuiPaper-elevation MuiPaper-rounded MuiPaper-elevation1 container-layout-main-section container-layout-main-section__full css-1ps6pg7-MuiPaper-root"
        >
          <section
            class="training-section"
          >
            <h3
              class="MuiTypography-root MuiTypography-h3 training-title css-gepadz-MuiTypography-root"
            >
              training.trainings
            </h3>
            <div
              class="MuiBox-root css-1vvuiee"
            >
              <div
                class="MuiPaper-root MuiPaper-outlined MuiPaper-rounded training-menu-section css-172kgz0-MuiPaper-root"
              >
                <ul
                  class="MuiList-root training-menu-section-container css-1mk9mw3-MuiList-root"
                >
                  <li
                    class="MuiListItem-root MuiListItem-gutters css-1qvbb3s-MuiListItem-root"
                  >
                    <div
                      class="MuiButtonBase-root MuiListItemButton-root MuiListItemButton-gutters MuiListItemButton-root MuiListItemButton-gutters training-menu-item css-16ac5r2-MuiButtonBase-root-MuiListItemButton-root"
                      role="button"
                      tabindex="0"
                    >
                      <div
                        class="MuiListItemIcon-root css-cveggr-MuiListItemIcon-root"
                      >
                        <svg
                          aria-hidden="true"
                          class="MuiSvgIcon-root MuiSvgIcon-fontSizeMedium css-i4bv87-MuiSvgIcon-root"
                          data-testid="CalendarTodayIcon"
                          focusable="false"
                          viewBox="0 0 24 24"
                        >
                          <path
                            d="M20 3h-1V1h-2v2H7V1H5v2H4c-1.1 0-2 .9-2 2v16c0 1.1.9 2 2 2h16c1.1 0 2-.9 2-2V5c0-1.1-.9-2-2-2m0 18H4V8h16z"
                          />
                        </svg>
                      </div>
                      <div
                        class="MuiListItemText-root css-tlelie-MuiListItemText-root"
                      >
                        <span
                          class="MuiTypography-root MuiTypography-body1 MuiListItemText-primary css-10hburv-MuiTypography-root"
                        >
                          training.history
                        </span>
                      </div>
                      <svg
                        aria-hidden="true"
                        class="MuiSvgIcon-root MuiSvgIcon-colorAction MuiSvgIcon-fontSizeMedium css-11pbyhm-MuiSvgIcon-root"
                        data-testid="ChevronRightIcon"
                        focusable="false"
                        viewBox="0 0 24 24"
                      >
                        <path
                          d="M10 6 8.59 7.41 13.17 12l-4.58 4.59L10 18l6-6z"
                        />
                      </svg>
                      <span
                        class="MuiTouchRipple-root css-8je8zh-MuiTouchRipple-root"
                      />
                    </div>
                  </li>
                </ul>
              </div>
              <div
                class="MuiPaper-root MuiPaper-outlined MuiPaper-rounded training-menu-section css-172kgz0-MuiPaper-root"
              >
                <ul
                  class="MuiList-root training-menu-section-container css-1mk9mw3-MuiList-root"
                >
                  <li
                    class="MuiListItem-root MuiListItem-gutters css-1qvbb3s-MuiListItem-root"
                  >
                    <div
                      class="MuiButtonBase-root MuiListItemButton-root MuiListItemButton-gutters MuiListItemButton-root MuiListItemButton-gutters training-menu-item css-16ac5r2-MuiButtonBase-root-MuiListItemButton-root"
                      role="button"
                      tabindex="1"
                    >
                      <div
                        class="MuiListItemIcon-root css-cveggr-MuiListItemIcon-root"
                      >
                        <svg
                          aria-hidden="true"
                          class="MuiSvgIcon-root MuiSvgIcon-fontSizeMedium css-i4bv87-MuiSvgIcon-root"
                          data-testid="MenuBookIcon"
                          focusable="false"
                          viewBox="0 0 24 24"
                        >
                          <path
                            d="M21 5c-1.11-.35-2.33-.5-3.5-.5-1.95 0-4.05.4-5.5 1.5-1.45-1.1-3.55-1.5-5.5-1.5S2.45 4.9 1 6v14.65c0 .25.25.5.5.5.1 0 .15-.05.25-.05C3.1 20.45 5.05 20 6.5 20c1.95 0 4.05.4 5.5 1.5 1.35-.85 3.8-1.5 5.5-1.5 1.65 0 3.35.3 4.75 1.05.1.05.15.05.25.05.25 0 .5-.25.5-.5V6c-.6-.45-1.25-.75-2-1m0 13.5c-1.1-.35-2.3-.5-3.5-.5-1.7 0-4.15.65-5.5 1.5V8c1.35-.85 3.8-1.5 5.5-1.5 1.2 0 2.4.15 3.5.5z"
                          />
                          <path
                            d="M17.5 10.5c.88 0 1.73.09 2.5.26V9.24c-.79-.15-1.64-.24-2.5-.24-1.7 0-3.24.29-4.5.83v1.66c1.13-.64 2.7-.99 4.5-.99M13 12.49v1.66c1.13-.64 2.7-.99 4.5-.99.88 0 1.73.09 2.5.26V11.9c-.79-.15-1.64-.24-2.5-.24-1.7 0-3.24.3-4.5.83m4.5 1.84c-1.7 0-3.24.29-4.5.83v1.66c1.13-.64 2.7-.99 4.5-.99.88 0 1.73.09 2.5.26v-1.52c-.79-.16-1.64-.24-2.5-.24"
                          />
                        </svg>
                      </div>
                      <div
                        class="MuiListItemText-root css-tlelie-MuiListItemText-root"
                      >
                        <span
                          class="MuiTypography-root MuiTypography-body1 MuiListItemText-primary css-10hburv-MuiTypography-root"
                        >
                          training.nutritionalPlan
                        </span>
                      </div>
                      <svg
                        aria-hidden="true"
                        class="MuiSvgIcon-root MuiSvgIcon-colorAction MuiSvgIcon-fontSizeMedium css-11pbyhm-MuiSvgIcon-root"
                        data-testid="ChevronRightIcon"
                        focusable="false"
                        viewBox="0 0 24 24"
                      >
                        <path
                          d="M10 6 8.59 7.41 13.17 12l-4.58 4.59L10 18l6-6z"
                        />
                      </svg>
                      <span
                        class="MuiTouchRipple-root css-8je8zh-MuiTouchRipple-root"
                      />
                    </div>
                  </li>
                </ul>
              </div>
            </div>
          </section>
        </div>
      </div>
    </div>
  </body>,
  "container": <div>
    <div
      class="container-layout training MuiBox-root css-1xhj18k"
    >
      <div
        class="navbar  MuiBox-root css-2uchni"
      >
        <header
          class="MuiPaper-root MuiPaper-elevation MuiPaper-elevation0 MuiAppBar-root MuiAppBar-colorPrimary MuiAppBar-positionRelative navbar-content css-1kby834-MuiPaper-root-MuiAppBar-root"
        >
          <div
            class="MuiBottomNavigation-root navbar-content-navigation css-16lloyr-MuiBottomNavigation-root"
          >
            <button
              class="MuiButtonBase-root MuiBottomNavigationAction-root navbar-content-navigation-button navbar-content-navigation-button__start css-1bjk3jo-MuiButtonBase-root-MuiBottomNavigationAction-root"
              tabindex="0"
              type="button"
            >
              <svg
                aria-hidden="true"
                class="MuiSvgIcon-root MuiSvgIcon-fontSizeMedium css-i4bv87-MuiSvgIcon-root"
                data-testid="PersonIcon"
                focusable="false"
                viewBox="0 0 24 24"
              >
                <path
                  d="M12 12c2.21 0 4-1.79 4-4s-1.79-4-4-4-4 1.79-4 4 1.79 4 4 4m0 2c-2.67 0-8 1.34-8 4v2h16v-2c0-2.66-5.33-4-8-4"
                />
              </svg>
              <span
                class="MuiBottomNavigationAction-label css-imwso6-MuiBottomNavigationAction-label"
              >
                navbar.profile
              </span>
              <span
                class="MuiTouchRipple-root css-8je8zh-MuiTouchRipple-root"
              />
            </button>
            <button
              class="MuiButtonBase-root MuiBottomNavigationAction-root Mui-selected navbar-content-navigation-button css-1bjk3jo-MuiButtonBase-root-MuiBottomNavigationAction-root"
              tabindex="0"
              type="button"
            >
              <svg
                aria-hidden="true"
                class="MuiSvgIcon-root MuiSvgIcon-fontSizeMedium css-i4bv87-MuiSvgIcon-root"
                data-testid="FavoriteIcon"
                focusable="false"
                viewBox="0 0 24 24"
              >
                <path
                  d="m12 21.35-1.45-1.32C5.4 15.36 2 12.28 2 8.5 2 5.42 4.42 3 7.5 3c1.74 0 3.41.81 4.5 2.09C13.09 3.81 14.76 3 16.5 3 19.58 3 22 5.42 22 8.5c0 3.78-3.4 6.86-8.55 11.54z"
                />
              </svg>
              <span
                class="MuiBottomNavigationAction-label Mui-selected css-imwso6-MuiBottomNavigationAction-label"
              >
                navbar.training
              </span>
              <span
                class="MuiTouchRipple-root css-8je8zh-MuiTouchRipple-root"
              />
            </button>
            <button
              class="MuiButtonBase-root MuiBottomNavigationAction-root navbar-content-navigation-button css-1bjk3jo-MuiButtonBase-root-MuiBottomNavigationAction-root"
              tabindex="0"
              type="button"
            >
              <svg
                aria-hidden="true"
                class="MuiSvgIcon-root MuiSvgIcon-fontSizeMedium css-i4bv87-MuiSvgIcon-root"
                data-testid="ShoppingCartIcon"
                focusable="false"
                viewBox="0 0 24 24"
              >
                <path
                  d="M7 18c-1.1 0-1.99.9-1.99 2S5.9 22 7 22s2-.9 2-2-.9-2-2-2M1 2v2h2l3.6 7.59-1.35 2.45c-.16.28-.25.61-.25.96 0 1.1.9 2 2 2h12v-2H7.42c-.14 0-.25-.11-.25-.25l.03-.12.9-1.63h7.45c.75 0 1.41-.41 1.75-1.03l3.58-6.49c.08-.14.12-.31.12-.48 0-.55-.45-1-1-1H5.21l-.94-2zm16 16c-1.1 0-1.99.9-1.99 2s.89 2 1.99 2 2-.9 2-2-.9-2-2-2"
                />
              </svg>
              <span
                class="MuiBottomNavigationAction-label css-imwso6-MuiBottomNavigationAction-label"
              >
                navbar.otherServices
              </span>
              <span
                class="MuiTouchRipple-root css-8je8zh-MuiTouchRipple-root"
              />
            </button>
            <button
              class="MuiButtonBase-root Mui-disabled MuiBottomNavigationAction-root navbar-content-navigation-button navbar-content-navigation-button__disabled css-1bjk3jo-MuiButtonBase-root-MuiBottomNavigationAction-root"
              disabled=""
              tabindex="-1"
              type="button"
            >
              <svg
                aria-hidden="true"
                class="MuiSvgIcon-root MuiSvgIcon-fontSizeMedium css-i4bv87-MuiSvgIcon-root"
                data-testid="StarIcon"
                focusable="false"
                viewBox="0 0 24 24"
              >
                <path
                  d="M12 17.27 18.18 21l-1.64-7.03L22 9.24l-7.19-.61L12 2 9.19 8.63 2 9.24l5.46 4.73L5.82 21z"
                />
              </svg>
              <span
                class="MuiBottomNavigationAction-label css-imwso6-MuiBottomNavigationAction-label"
              >
                navbar.preferential
              </span>
            </button>
            <button
              class="MuiButtonBase-root MuiBottomNavigationAction-root navbar-content-navigation-button navbar-content-navigation-button__end css-1bjk3jo-MuiButtonBase-root-MuiBottomNavigationAction-root"
              tabindex="0"
              type="button"
            >
              <svg
                aria-hidden="true"
                class="MuiSvgIcon-root MuiSvgIcon-fontSizeMedium css-i4bv87-MuiSvgIcon-root"
                data-testid="SettingsIcon"
                focusable="false"
                viewBox="0 0 24 24"
              >
                <path
                  d="M19.14 12.94c.04-.3.06-.61.06-.94 0-.32-.02-.64-.07-.94l2.03-1.58c.18-.14.23-.41.12-.61l-1.92-3.32c-.12-.22-.37-.29-.59-.22l-2.39.96c-.5-.38-1.03-.7-1.62-.94l-.36-2.54c-.04-.24-.24-.41-.48-.41h-3.84c-.24 0-.43.17-.47.41l-.36 2.54c-.59.24-1.13.57-1.62.94l-2.39-.96c-.22-.08-.47 0-.59.22L2.74 8.87c-.12.21-.08.47.12.61l2.03 1.58c-.05.3-.09.63-.09.94s.02.64.07.94l-2.03 1.58c-.18.14-.23.41-.12.61l1.92 3.32c.12.22.37.29.59.22l2.39-.96c.5.38 1.03.7 1.62.94l.36 2.54c.05.24.24.41.48.41h3.84c.24 0 .44-.17.47-.41l.36-2.54c.59-.24 1.13-.56 1.62-.94l2.39.96c.22.08.47 0 .59-.22l1.92-3.32c.12-.22.07-.47-.12-.61zM12 15.6c-1.98 0-3.6-1.62-3.6-3.6s1.62-3.6 3.6-3.6 3.6 1.62 3.6 3.6-1.62 3.6-3.6 3.6"
                />
              </svg>
              <span
                class="MuiBottomNavigationAction-label css-imwso6-MuiBottomNavigationAction-label"
              >
                navbar.settings
              </span>
              <span
                class="MuiTouchRipple-root css-8je8zh-MuiTouchRipple-root"
              />
            </button>
          </div>
        </header>
      </div>
      <div
        class="MuiPaper-root MuiPaper-elevation MuiPaper-rounded MuiPaper-elevation1 container-layout-main-section container-layout-main-section__full css-1ps6pg7-MuiPaper-root"
      >
        <section
          class="training-section"
        >
          <h3
            class="MuiTypography-root MuiTypography-h3 training-title css-gepadz-MuiTypography-root"
          >
            training.trainings
          </h3>
          <div
            class="MuiBox-root css-1vvuiee"
          >
            <div
              class="MuiPaper-root MuiPaper-outlined MuiPaper-rounded training-menu-section css-172kgz0-MuiPaper-root"
            >
              <ul
                class="MuiList-root training-menu-section-container css-1mk9mw3-MuiList-root"
              >
                <li
                  class="MuiListItem-root MuiListItem-gutters css-1qvbb3s-MuiListItem-root"
                >
                  <div
                    class="MuiButtonBase-root MuiListItemButton-root MuiListItemButton-gutters MuiListItemButton-root MuiListItemButton-gutters training-menu-item css-16ac5r2-MuiButtonBase-root-MuiListItemButton-root"
                    role="button"
                    tabindex="0"
                  >
                    <div
                      class="MuiListItemIcon-root css-cveggr-MuiListItemIcon-root"
                    >
                      <svg
                        aria-hidden="true"
                        class="MuiSvgIcon-root MuiSvgIcon-fontSizeMedium css-i4bv87-MuiSvgIcon-root"
                        data-testid="CalendarTodayIcon"
                        focusable="false"
                        viewBox="0 0 24 24"
                      >
                        <path
                          d="M20 3h-1V1h-2v2H7V1H5v2H4c-1.1 0-2 .9-2 2v16c0 1.1.9 2 2 2h16c1.1 0 2-.9 2-2V5c0-1.1-.9-2-2-2m0 18H4V8h16z"
                        />
                      </svg>
                    </div>
                    <div
                      class="MuiListItemText-root css-tlelie-MuiListItemText-root"
                    >
                      <span
                        class="MuiTypography-root MuiTypography-body1 MuiListItemText-primary css-10hburv-MuiTypography-root"
                      >
                        training.history
                      </span>
                    </div>
                    <svg
                      aria-hidden="true"
                      class="MuiSvgIcon-root MuiSvgIcon-colorAction MuiSvgIcon-fontSizeMedium css-11pbyhm-MuiSvgIcon-root"
                      data-testid="ChevronRightIcon"
                      focusable="false"
                      viewBox="0 0 24 24"
                    >
                      <path
                        d="M10 6 8.59 7.41 13.17 12l-4.58 4.59L10 18l6-6z"
                      />
                    </svg>
                    <span
                      class="MuiTouchRipple-root css-8je8zh-MuiTouchRipple-root"
                    />
                  </div>
                </li>
              </ul>
            </div>
            <div
              class="MuiPaper-root MuiPaper-outlined MuiPaper-rounded training-menu-section css-172kgz0-MuiPaper-root"
            >
              <ul
                class="MuiList-root training-menu-section-container css-1mk9mw3-MuiList-root"
              >
                <li
                  class="MuiListItem-root MuiListItem-gutters css-1qvbb3s-MuiListItem-root"
                >
                  <div
                    class="MuiButtonBase-root MuiListItemButton-root MuiListItemButton-gutters MuiListItemButton-root MuiListItemButton-gutters training-menu-item css-16ac5r2-MuiButtonBase-root-MuiListItemButton-root"
                    role="button"
                    tabindex="1"
                  >
                    <div
                      class="MuiListItemIcon-root css-cveggr-MuiListItemIcon-root"
                    >
                      <svg
                        aria-hidden="true"
                        class="MuiSvgIcon-root MuiSvgIcon-fontSizeMedium css-i4bv87-MuiSvgIcon-root"
                        data-testid="MenuBookIcon"
                        focusable="false"
                        viewBox="0 0 24 24"
                      >
                        <path
                          d="M21 5c-1.11-.35-2.33-.5-3.5-.5-1.95 0-4.05.4-5.5 1.5-1.45-1.1-3.55-1.5-5.5-1.5S2.45 4.9 1 6v14.65c0 .25.25.5.5.5.1 0 .15-.05.25-.05C3.1 20.45 5.05 20 6.5 20c1.95 0 4.05.4 5.5 1.5 1.35-.85 3.8-1.5 5.5-1.5 1.65 0 3.35.3 4.75 1.05.1.05.15.05.25.05.25 0 .5-.25.5-.5V6c-.6-.45-1.25-.75-2-1m0 13.5c-1.1-.35-2.3-.5-3.5-.5-1.7 0-4.15.65-5.5 1.5V8c1.35-.85 3.8-1.5 5.5-1.5 1.2 0 2.4.15 3.5.5z"
                        />
                        <path
                          d="M17.5 10.5c.88 0 1.73.09 2.5.26V9.24c-.79-.15-1.64-.24-2.5-.24-1.7 0-3.24.29-4.5.83v1.66c1.13-.64 2.7-.99 4.5-.99M13 12.49v1.66c1.13-.64 2.7-.99 4.5-.99.88 0 1.73.09 2.5.26V11.9c-.79-.15-1.64-.24-2.5-.24-1.7 0-3.24.3-4.5.83m4.5 1.84c-1.7 0-3.24.29-4.5.83v1.66c1.13-.64 2.7-.99 4.5-.99.88 0 1.73.09 2.5.26v-1.52c-.79-.16-1.64-.24-2.5-.24"
                        />
                      </svg>
                    </div>
                    <div
                      class="MuiListItemText-root css-tlelie-MuiListItemText-root"
                    >
                      <span
                        class="MuiTypography-root MuiTypography-body1 MuiListItemText-primary css-10hburv-MuiTypography-root"
                      >
                        training.nutritionalPlan
                      </span>
                    </div>
                    <svg
                      aria-hidden="true"
                      class="MuiSvgIcon-root MuiSvgIcon-colorAction MuiSvgIcon-fontSizeMedium css-11pbyhm-MuiSvgIcon-root"
                      data-testid="ChevronRightIcon"
                      focusable="false"
                      viewBox="0 0 24 24"
                    >
                      <path
                        d="M10 6 8.59 7.41 13.17 12l-4.58 4.59L10 18l6-6z"
                      />
                    </svg>
                    <span
                      class="MuiTouchRipple-root css-8je8zh-MuiTouchRipple-root"
                    />
                  </div>
                </li>
              </ul>
            </div>
          </div>
        </section>
      </div>
    </div>
  </div>,
  "debug": [Function],
  "findAllByAltText": [Function],
  "findAllByDisplayValue": [Function],
  "findAllByLabelText": [Function],
  "findAllByPlaceholderText": [Function],
  "findAllByRole": [Function],
  "findAllByTestId": [Function],
  "findAllByText": [Function],
  "findAllByTitle": [Function],
  "findByAltText": [Function],
  "findByDisplayValue": [Function],
  "findByLabelText": [Function],
  "findByPlaceholderText": [Function],
  "findByRole": [Function],
  "findByTestId": [Function],
  "findByText": [Function],
  "findByTitle": [Function],
  "getAllByAltText": [Function],
  "getAllByDisplayValue": [Function],
  "getAllByLabelText": [Function],
  "getAllByPlaceholderText": [Function],
  "getAllByRole": [Function],
  "getAllByTestId": [Function],
  "getAllByText": [Function],
  "getAllByTitle": [Function],
  "getByAltText": [Function],
  "getByDisplayValue": [Function],
  "getByLabelText": [Function],
  "getByPlaceholderText": [Function],
  "getByRole": [Function],
  "getByTestId": [Function],
  "getByText": [Function],
  "getByTitle": [Function],
  "queryAllByAltText": [Function],
  "queryAllByDisplayValue": [Function],
  "queryAllByLabelText": [Function],
  "queryAllByPlaceholderText": [Function],
  "queryAllByRole": [Function],
  "queryAllByTestId": [Function],
  "queryAllByText": [Function],
  "queryAllByTitle": [Function],
  "queryByAltText": [Function],
  "queryByDisplayValue": [Function],
  "queryByLabelText": [Function],
  "queryByPlaceholderText": [Function],
  "queryByRole": [Function],
  "queryByTestId": [Function],
  "queryByText": [Function],
  "queryByTitle": [Function],
  "rerender": [Function],
  "unmount": [Function],
}
`;
